#
# There is insufficient memory for the Java Runtime Environment to continue.
# Native memory allocation (mmap) failed to map 65536 bytes for Failed to commit metaspace.
# Possible reasons:
#   The system is out of physical RAM or swap space
#   The process is running with CompressedOops enabled, and the Java Heap may be blocking the growth of the native heap
# Possible solutions:
#   Reduce memory load on the system
#   Increase physical memory or swap space
#   Check if swap backing store is full
#   Decrease Java heap size (-Xmx/-Xms)
#   Decrease number of Java threads
#   Decrease Java thread stack sizes (-Xss)
#   Set larger code cache with -XX:ReservedCodeCacheSize=
#   JVM is running with Unscaled Compressed Oops mode in which the Java heap is
#     placed in the first 4GB address space. The Java Heap base address is the
#     maximum limit for the native heap growth. Please use -XX:HeapBaseMinAddress
#     to set the Java Heap base and to place the Java Heap above 4GB virtual address.
# This output file may be truncated or incomplete.
#
#  Out of Memory Error (virtualSpaceNode.cpp:110), pid=6304, tid=3252
#
# JRE version: Java(TM) SE Runtime Environment (17.0.2+8) (build 17.0.2+8-LTS-86)
# Java VM: Java HotSpot(TM) 64-Bit Server VM (17.0.2+8-LTS-86, mixed mode, tiered, compressed oops, compressed class ptrs, g1 gc, windows-amd64)
# No core dump will be written. Minidumps are not enabled by default on client versions of Windows
#

---------------  S U M M A R Y ------------

Command Line: -Dmaven.multiModuleProjectDirectory=D:\projects\Java\SpigotHardcorePlanting -Djansi.passthrough=true -Dmaven.home=C:\Program Files\JetBrains\IntelliJ IDEA Community Edition 2023.2.3\plugins\maven\lib\maven3 -Dclassworlds.conf=C:\Program Files\JetBrains\IntelliJ IDEA Community Edition 2023.2.3\plugins\maven\lib\maven3\bin\m2.conf -Dmaven.ext.class.path=C:\Program Files\JetBrains\IntelliJ IDEA Community Edition 2023.2.3\plugins\maven\lib\maven-event-listener.jar -javaagent:C:\Program Files\JetBrains\IntelliJ IDEA Community Edition 2023.2.3\lib\idea_rt.jar=24436:C:\Program Files\JetBrains\IntelliJ IDEA Community Edition 2023.2.3\bin -Dfile.encoding=UTF-8 org.codehaus.classworlds.Launcher -Didea.version=2023.2.3 clean package

Host: AMD Ryzen 7 3700U with Radeon Vega Mobile Gfx  , 8 cores, 6G,  Windows 11 , 64 bit Build 22000 (10.0.22000.2538)
Time: Sun Oct  6 15:48:58 2024 RTZ 2 (s 11 , 64 bit Build 22000 (10.0.22000.2538) elapsed time: 0.116930 seconds (0d 0h 0m 0s)

---------------  T H R E A D  ---------------

Current thread (0x00000292c9ac3470):  JavaThread "main" [_thread_in_vm, id=3252, stack(0x000000c3ba700000,0x000000c3ba800000)]

Stack: [0x000000c3ba700000,0x000000c3ba800000]
Native frames: (J=compiled Java code, j=interpreted, Vv=VM code, C=native code)
V  [jvm.dll+0x670baa]
V  [jvm.dll+0x7cfcb4]
V  [jvm.dll+0x7d145e]
V  [jvm.dll+0x7d1ac3]
V  [jvm.dll+0x242bc5]
V  [jvm.dll+0x7cbc5b]
V  [jvm.dll+0x616966]
V  [jvm.dll+0x6169ca]
V  [jvm.dll+0x6191da]
V  [jvm.dll+0x617306]
V  [jvm.dll+0x23718f]
V  [jvm.dll+0x621015]
V  [jvm.dll+0x1e7e2b]
V  [jvm.dll+0x1e8365]
V  [jvm.dll+0x1e8d9f]
V  [jvm.dll+0x1de251]
V  [jvm.dll+0x537c30]
V  [jvm.dll+0x1eea37]
V  [jvm.dll+0x74a15b]
V  [jvm.dll+0x74b502]
V  [jvm.dll+0x74b838]
V  [jvm.dll+0x23af1e]
V  [jvm.dll+0x37b2fe]
C  0x00000292d2b1b6ce

Java frames: (J=compiled Java code, j=interpreted, Vv=VM code)
j  java.lang.ClassLoader$ParallelLoaders.<clinit>()V+0 java.base
v  ~StubRoutines::call_stub
j  java.lang.ClassLoader.registerAsParallelCapable()Z+10 java.base
j  java.security.SecureClassLoader.<clinit>()V+0 java.base
v  ~StubRoutines::call_stub
j  jdk.internal.loader.ClassLoaders.<clinit>()V+80 java.base
v  ~StubRoutines::call_stub
j  jdk.internal.loader.BootLoader.loadModule(Ljava/lang/module/ModuleReference;)V+0 java.base
j  jdk.internal.module.ModuleBootstrap.boot2()Ljava/lang/ModuleLayer;+352 java.base
j  jdk.internal.module.ModuleBootstrap.boot()Ljava/lang/ModuleLayer;+64 java.base
j  java.lang.System.initPhase2(ZZ)I+0 java.base
v  ~StubRoutines::call_stub

---------------  P R O C E S S  ---------------

Threads class SMR info:
_java_thread_list=0x00000292801937a0, length=10, elements={
0x00000292c9ac3470, 0x00000292801bf250, 0x0000029280173c40, 0x0000029280c13420,
0x00000292801945e0, 0x0000029280194ea0, 0x00000292801e4400, 0x00000292801e84f0,
0x00000292801f0e00, 0x00000292801f3ef0
}

Java Threads: ( => current thread )
=>0x00000292c9ac3470 JavaThread "main" [_thread_in_vm, id=3252, stack(0x000000c3ba700000,0x000000c3ba800000)]
  0x00000292801bf250 JavaThread "Reference Handler" daemon [_thread_blocked, id=1956, stack(0x000000c3bae00000,0x000000c3baf00000)]
  0x0000029280173c40 JavaThread "Finalizer" daemon [_thread_blocked, id=6540, stack(0x000000c3baf00000,0x000000c3bb000000)]
  0x0000029280c13420 JavaThread "Signal Dispatcher" daemon [_thread_blocked, id=7032, stack(0x000000c3bb000000,0x000000c3bb100000)]
  0x00000292801945e0 JavaThread "Attach Listener" daemon [_thread_blocked, id=11056, stack(0x000000c3bb100000,0x000000c3bb200000)]
  0x0000029280194ea0 JavaThread "Service Thread" daemon [_thread_blocked, id=14056, stack(0x000000c3bb200000,0x000000c3bb300000)]
  0x00000292801e4400 JavaThread "Monitor Deflation Thread" daemon [_thread_blocked, id=12348, stack(0x000000c3bb300000,0x000000c3bb400000)]
  0x00000292801e84f0 JavaThread "C2 CompilerThread0" daemon [_thread_blocked, id=14040, stack(0x000000c3bb400000,0x000000c3bb500000)]
  0x00000292801f0e00 JavaThread "C1 CompilerThread0" daemon [_thread_blocked, id=3220, stack(0x000000c3bb500000,0x000000c3bb600000)]
  0x00000292801f3ef0 JavaThread "Sweeper thread" daemon [_thread_blocked, id=12664, stack(0x000000c3bb600000,0x000000c3bb700000)]

Other Threads:
  0x00000292801ac930 VMThread "VM Thread" [stack: 0x000000c3bad00000,0x000000c3bae00000] [id=12492]
  0x00000292c9afda70 GCTaskThread "GC Thread#0" [stack: 0x000000c3ba800000,0x000000c3ba900000] [id=13868]
  0x00000292c9b0c6b0 ConcurrentGCThread "G1 Main Marker" [stack: 0x000000c3ba900000,0x000000c3baa00000] [id=10576]
  0x00000292c9b0e770 ConcurrentGCThread "G1 Conc#0" [stack: 0x000000c3baa00000,0x000000c3bab00000] [id=5660]
  0x00000292c9b858f0 ConcurrentGCThread "G1 Refine#0" [stack: 0x000000c3bab00000,0x000000c3bac00000] [id=10996]
  0x00000292c9b86210 ConcurrentGCThread "G1 Service" [stack: 0x000000c3bac00000,0x000000c3bad00000] [id=784]

Threads with active compile tasks:

VM state: not at safepoint (normal execution)

VM Mutex/Monitor currently owned by a thread:  ([mutex/lock_event])
[0x00000292c9abe850] Metaspace_lock - owner thread: 0x00000292c9ac3470

Heap address: 0x0000000091000000, size: 1776 MB, Compressed Oops mode: 32-bit

CDS archive(s) not mapped
Compressed class space mapped at: 0x0000000100000000-0x0000000140000000, reserved size: 1073741824
Narrow klass base: 0x0000000000000000, Narrow klass shift: 3, Narrow klass range: 0x140000000

GC Precious Log:
 CPUs: 8 total, 8 available
 Memory: 7103M
 Large Page Support: Disabled
 NUMA Support: Disabled
 Compressed Oops: Enabled (32-bit)
 Heap Region Size: 1M
 Heap Min Capacity: 8M
 Heap Initial Capacity: 112M
 Heap Max Capacity: 1776M
 Pre-touch: Disabled
 Parallel Workers: 8
 Concurrent Workers: 2
 Concurrent Refinement Workers: 8
 Periodic GC: Disabled

Heap:
 garbage-first heap   total 114688K, used 0K [0x0000000091000000, 0x0000000100000000)
  region size 1024K, 1 young (1024K), 0 survivors (0K)
 Metaspace       used 3188K, committed 3200K, reserved 1056768K
  class space    used 244K, committed 256K, reserved 1048576K

Heap Regions: E=young(eden), S=young(survivor), O=old, HS=humongous(starts), HC=humongous(continues), CS=collection set, F=free, OA=open archive, CA=closed archive, TAMS=top-at-mark-start (previous, next)
|   0|0x0000000091000000, 0x0000000091000000, 0x0000000091100000|  0%| F|  |TAMS 0x0000000091000000, 0x0000000091000000| Untracked 
|   1|0x0000000091100000, 0x0000000091100000, 0x0000000091200000|  0%| F|  |TAMS 0x0000000091100000, 0x0000000091100000| Untracked 
|   2|0x0000000091200000, 0x0000000091200000, 0x0000000091300000|  0%| F|  |TAMS 0x0000000091200000, 0x0000000091200000| Untracked 
|   3|0x0000000091300000, 0x0000000091300000, 0x0000000091400000|  0%| F|  |TAMS 0x0000000091300000, 0x0000000091300000| Untracked 
|   4|0x0000000091400000, 0x0000000091400000, 0x0000000091500000|  0%| F|  |TAMS 0x0000000091400000, 0x0000000091400000| Untracked 
|   5|0x0000000091500000, 0x0000000091500000, 0x0000000091600000|  0%| F|  |TAMS 0x0000000091500000, 0x0000000091500000| Untracked 
|   6|0x0000000091600000, 0x0000000091600000, 0x0000000091700000|  0%| F|  |TAMS 0x0000000091600000, 0x0000000091600000| Untracked 
|   7|0x0000000091700000, 0x0000000091700000, 0x0000000091800000|  0%| F|  |TAMS 0x0000000091700000, 0x0000000091700000| Untracked 
|   8|0x0000000091800000, 0x0000000091800000, 0x0000000091900000|  0%| F|  |TAMS 0x0000000091800000, 0x0000000091800000| Untracked 
|   9|0x0000000091900000, 0x0000000091900000, 0x0000000091a00000|  0%| F|  |TAMS 0x0000000091900000, 0x0000000091900000| Untracked 
|  10|0x0000000091a00000, 0x0000000091a00000, 0x0000000091b00000|  0%| F|  |TAMS 0x0000000091a00000, 0x0000000091a00000| Untracked 
|  11|0x0000000091b00000, 0x0000000091b00000, 0x0000000091c00000|  0%| F|  |TAMS 0x0000000091b00000, 0x0000000091b00000| Untracked 
|  12|0x0000000091c00000, 0x0000000091c00000, 0x0000000091d00000|  0%| F|  |TAMS 0x0000000091c00000, 0x0000000091c00000| Untracked 
|  13|0x0000000091d00000, 0x0000000091d00000, 0x0000000091e00000|  0%| F|  |TAMS 0x0000000091d00000, 0x0000000091d00000| Untracked 
|  14|0x0000000091e00000, 0x0000000091e00000, 0x0000000091f00000|  0%| F|  |TAMS 0x0000000091e00000, 0x0000000091e00000| Untracked 
|  15|0x0000000091f00000, 0x0000000091f00000, 0x0000000092000000|  0%| F|  |TAMS 0x0000000091f00000, 0x0000000091f00000| Untracked 
|  16|0x0000000092000000, 0x0000000092000000, 0x0000000092100000|  0%| F|  |TAMS 0x0000000092000000, 0x0000000092000000| Untracked 
|  17|0x0000000092100000, 0x0000000092100000, 0x0000000092200000|  0%| F|  |TAMS 0x0000000092100000, 0x0000000092100000| Untracked 
|  18|0x0000000092200000, 0x0000000092200000, 0x0000000092300000|  0%| F|  |TAMS 0x0000000092200000, 0x0000000092200000| Untracked 
|  19|0x0000000092300000, 0x0000000092300000, 0x0000000092400000|  0%| F|  |TAMS 0x0000000092300000, 0x0000000092300000| Untracked 
|  20|0x0000000092400000, 0x0000000092400000, 0x0000000092500000|  0%| F|  |TAMS 0x0000000092400000, 0x0000000092400000| Untracked 
|  21|0x0000000092500000, 0x0000000092500000, 0x0000000092600000|  0%| F|  |TAMS 0x0000000092500000, 0x0000000092500000| Untracked 
|  22|0x0000000092600000, 0x0000000092600000, 0x0000000092700000|  0%| F|  |TAMS 0x0000000092600000, 0x0000000092600000| Untracked 
|  23|0x0000000092700000, 0x0000000092700000, 0x0000000092800000|  0%| F|  |TAMS 0x0000000092700000, 0x0000000092700000| Untracked 
|  24|0x0000000092800000, 0x0000000092800000, 0x0000000092900000|  0%| F|  |TAMS 0x0000000092800000, 0x0000000092800000| Untracked 
|  25|0x0000000092900000, 0x0000000092900000, 0x0000000092a00000|  0%| F|  |TAMS 0x0000000092900000, 0x0000000092900000| Untracked 
|  26|0x0000000092a00000, 0x0000000092a00000, 0x0000000092b00000|  0%| F|  |TAMS 0x0000000092a00000, 0x0000000092a00000| Untracked 
|  27|0x0000000092b00000, 0x0000000092b00000, 0x0000000092c00000|  0%| F|  |TAMS 0x0000000092b00000, 0x0000000092b00000| Untracked 
|  28|0x0000000092c00000, 0x0000000092c00000, 0x0000000092d00000|  0%| F|  |TAMS 0x0000000092c00000, 0x0000000092c00000| Untracked 
|  29|0x0000000092d00000, 0x0000000092d00000, 0x0000000092e00000|  0%| F|  |TAMS 0x0000000092d00000, 0x0000000092d00000| Untracked 
|  30|0x0000000092e00000, 0x0000000092e00000, 0x0000000092f00000|  0%| F|  |TAMS 0x0000000092e00000, 0x0000000092e00000| Untracked 
|  31|0x0000000092f00000, 0x0000000092f00000, 0x0000000093000000|  0%| F|  |TAMS 0x0000000092f00000, 0x0000000092f00000| Untracked 
|  32|0x0000000093000000, 0x0000000093000000, 0x0000000093100000|  0%| F|  |TAMS 0x0000000093000000, 0x0000000093000000| Untracked 
|  33|0x0000000093100000, 0x0000000093100000, 0x0000000093200000|  0%| F|  |TAMS 0x0000000093100000, 0x0000000093100000| Untracked 
|  34|0x0000000093200000, 0x0000000093200000, 0x0000000093300000|  0%| F|  |TAMS 0x0000000093200000, 0x0000000093200000| Untracked 
|  35|0x0000000093300000, 0x0000000093300000, 0x0000000093400000|  0%| F|  |TAMS 0x0000000093300000, 0x0000000093300000| Untracked 
|  36|0x0000000093400000, 0x0000000093400000, 0x0000000093500000|  0%| F|  |TAMS 0x0000000093400000, 0x0000000093400000| Untracked 
|  37|0x0000000093500000, 0x0000000093500000, 0x0000000093600000|  0%| F|  |TAMS 0x0000000093500000, 0x0000000093500000| Untracked 
|  38|0x0000000093600000, 0x0000000093600000, 0x0000000093700000|  0%| F|  |TAMS 0x0000000093600000, 0x0000000093600000| Untracked 
|  39|0x0000000093700000, 0x0000000093700000, 0x0000000093800000|  0%| F|  |TAMS 0x0000000093700000, 0x0000000093700000| Untracked 
|  40|0x0000000093800000, 0x0000000093800000, 0x0000000093900000|  0%| F|  |TAMS 0x0000000093800000, 0x0000000093800000| Untracked 
|  41|0x0000000093900000, 0x0000000093900000, 0x0000000093a00000|  0%| F|  |TAMS 0x0000000093900000, 0x0000000093900000| Untracked 
|  42|0x0000000093a00000, 0x0000000093a00000, 0x0000000093b00000|  0%| F|  |TAMS 0x0000000093a00000, 0x0000000093a00000| Untracked 
|  43|0x0000000093b00000, 0x0000000093b00000, 0x0000000093c00000|  0%| F|  |TAMS 0x0000000093b00000, 0x0000000093b00000| Untracked 
|  44|0x0000000093c00000, 0x0000000093c00000, 0x0000000093d00000|  0%| F|  |TAMS 0x0000000093c00000, 0x0000000093c00000| Untracked 
|  45|0x0000000093d00000, 0x0000000093d00000, 0x0000000093e00000|  0%| F|  |TAMS 0x0000000093d00000, 0x0000000093d00000| Untracked 
|  46|0x0000000093e00000, 0x0000000093e00000, 0x0000000093f00000|  0%| F|  |TAMS 0x0000000093e00000, 0x0000000093e00000| Untracked 
|  47|0x0000000093f00000, 0x0000000093f00000, 0x0000000094000000|  0%| F|  |TAMS 0x0000000093f00000, 0x0000000093f00000| Untracked 
|  48|0x0000000094000000, 0x0000000094000000, 0x0000000094100000|  0%| F|  |TAMS 0x0000000094000000, 0x0000000094000000| Untracked 
|  49|0x0000000094100000, 0x0000000094100000, 0x0000000094200000|  0%| F|  |TAMS 0x0000000094100000, 0x0000000094100000| Untracked 
|  50|0x0000000094200000, 0x0000000094200000, 0x0000000094300000|  0%| F|  |TAMS 0x0000000094200000, 0x0000000094200000| Untracked 
|  51|0x0000000094300000, 0x0000000094300000, 0x0000000094400000|  0%| F|  |TAMS 0x0000000094300000, 0x0000000094300000| Untracked 
|  52|0x0000000094400000, 0x0000000094400000, 0x0000000094500000|  0%| F|  |TAMS 0x0000000094400000, 0x0000000094400000| Untracked 
|  53|0x0000000094500000, 0x0000000094500000, 0x0000000094600000|  0%| F|  |TAMS 0x0000000094500000, 0x0000000094500000| Untracked 
|  54|0x0000000094600000, 0x0000000094600000, 0x0000000094700000|  0%| F|  |TAMS 0x0000000094600000, 0x0000000094600000| Untracked 
|  55|0x0000000094700000, 0x0000000094700000, 0x0000000094800000|  0%| F|  |TAMS 0x0000000094700000, 0x0000000094700000| Untracked 
|  56|0x0000000094800000, 0x0000000094800000, 0x0000000094900000|  0%| F|  |TAMS 0x0000000094800000, 0x0000000094800000| Untracked 
|  57|0x0000000094900000, 0x0000000094900000, 0x0000000094a00000|  0%| F|  |TAMS 0x0000000094900000, 0x0000000094900000| Untracked 
|  58|0x0000000094a00000, 0x0000000094a00000, 0x0000000094b00000|  0%| F|  |TAMS 0x0000000094a00000, 0x0000000094a00000| Untracked 
|  59|0x0000000094b00000, 0x0000000094b00000, 0x0000000094c00000|  0%| F|  |TAMS 0x0000000094b00000, 0x0000000094b00000| Untracked 
|  60|0x0000000094c00000, 0x0000000094c00000, 0x0000000094d00000|  0%| F|  |TAMS 0x0000000094c00000, 0x0000000094c00000| Untracked 
|  61|0x0000000094d00000, 0x0000000094d00000, 0x0000000094e00000|  0%| F|  |TAMS 0x0000000094d00000, 0x0000000094d00000| Untracked 
|  62|0x0000000094e00000, 0x0000000094e00000, 0x0000000094f00000|  0%| F|  |TAMS 0x0000000094e00000, 0x0000000094e00000| Untracked 
|  63|0x0000000094f00000, 0x0000000094f00000, 0x0000000095000000|  0%| F|  |TAMS 0x0000000094f00000, 0x0000000094f00000| Untracked 
|  64|0x0000000095000000, 0x0000000095000000, 0x0000000095100000|  0%| F|  |TAMS 0x0000000095000000, 0x0000000095000000| Untracked 
|  65|0x0000000095100000, 0x0000000095100000, 0x0000000095200000|  0%| F|  |TAMS 0x0000000095100000, 0x0000000095100000| Untracked 
|  66|0x0000000095200000, 0x0000000095200000, 0x0000000095300000|  0%| F|  |TAMS 0x0000000095200000, 0x0000000095200000| Untracked 
|  67|0x0000000095300000, 0x0000000095300000, 0x0000000095400000|  0%| F|  |TAMS 0x0000000095300000, 0x0000000095300000| Untracked 
|  68|0x0000000095400000, 0x0000000095400000, 0x0000000095500000|  0%| F|  |TAMS 0x0000000095400000, 0x0000000095400000| Untracked 
|  69|0x0000000095500000, 0x0000000095500000, 0x0000000095600000|  0%| F|  |TAMS 0x0000000095500000, 0x0000000095500000| Untracked 
|  70|0x0000000095600000, 0x0000000095600000, 0x0000000095700000|  0%| F|  |TAMS 0x0000000095600000, 0x0000000095600000| Untracked 
|  71|0x0000000095700000, 0x0000000095700000, 0x0000000095800000|  0%| F|  |TAMS 0x0000000095700000, 0x0000000095700000| Untracked 
|  72|0x0000000095800000, 0x0000000095800000, 0x0000000095900000|  0%| F|  |TAMS 0x0000000095800000, 0x0000000095800000| Untracked 
|  73|0x0000000095900000, 0x0000000095900000, 0x0000000095a00000|  0%| F|  |TAMS 0x0000000095900000, 0x0000000095900000| Untracked 
|  74|0x0000000095a00000, 0x0000000095a00000, 0x0000000095b00000|  0%| F|  |TAMS 0x0000000095a00000, 0x0000000095a00000| Untracked 
|  75|0x0000000095b00000, 0x0000000095b00000, 0x0000000095c00000|  0%| F|  |TAMS 0x0000000095b00000, 0x0000000095b00000| Untracked 
|  76|0x0000000095c00000, 0x0000000095c00000, 0x0000000095d00000|  0%| F|  |TAMS 0x0000000095c00000, 0x0000000095c00000| Untracked 
|  77|0x0000000095d00000, 0x0000000095d00000, 0x0000000095e00000|  0%| F|  |TAMS 0x0000000095d00000, 0x0000000095d00000| Untracked 
|  78|0x0000000095e00000, 0x0000000095e00000, 0x0000000095f00000|  0%| F|  |TAMS 0x0000000095e00000, 0x0000000095e00000| Untracked 
|  79|0x0000000095f00000, 0x0000000095f00000, 0x0000000096000000|  0%| F|  |TAMS 0x0000000095f00000, 0x0000000095f00000| Untracked 
|  80|0x0000000096000000, 0x0000000096000000, 0x0000000096100000|  0%| F|  |TAMS 0x0000000096000000, 0x0000000096000000| Untracked 
|  81|0x0000000096100000, 0x0000000096100000, 0x0000000096200000|  0%| F|  |TAMS 0x0000000096100000, 0x0000000096100000| Untracked 
|  82|0x0000000096200000, 0x0000000096200000, 0x0000000096300000|  0%| F|  |TAMS 0x0000000096200000, 0x0000000096200000| Untracked 
|  83|0x0000000096300000, 0x0000000096300000, 0x0000000096400000|  0%| F|  |TAMS 0x0000000096300000, 0x0000000096300000| Untracked 
|  84|0x0000000096400000, 0x0000000096400000, 0x0000000096500000|  0%| F|  |TAMS 0x0000000096400000, 0x0000000096400000| Untracked 
|  85|0x0000000096500000, 0x0000000096500000, 0x0000000096600000|  0%| F|  |TAMS 0x0000000096500000, 0x0000000096500000| Untracked 
|  86|0x0000000096600000, 0x0000000096600000, 0x0000000096700000|  0%| F|  |TAMS 0x0000000096600000, 0x0000000096600000| Untracked 
|  87|0x0000000096700000, 0x0000000096700000, 0x0000000096800000|  0%| F|  |TAMS 0x0000000096700000, 0x0000000096700000| Untracked 
|  88|0x0000000096800000, 0x0000000096800000, 0x0000000096900000|  0%| F|  |TAMS 0x0000000096800000, 0x0000000096800000| Untracked 
|  89|0x0000000096900000, 0x0000000096900000, 0x0000000096a00000|  0%| F|  |TAMS 0x0000000096900000, 0x0000000096900000| Untracked 
|  90|0x0000000096a00000, 0x0000000096a00000, 0x0000000096b00000|  0%| F|  |TAMS 0x0000000096a00000, 0x0000000096a00000| Untracked 
|  91|0x0000000096b00000, 0x0000000096b00000, 0x0000000096c00000|  0%| F|  |TAMS 0x0000000096b00000, 0x0000000096b00000| Untracked 
|  92|0x0000000096c00000, 0x0000000096c00000, 0x0000000096d00000|  0%| F|  |TAMS 0x0000000096c00000, 0x0000000096c00000| Untracked 
|  93|0x0000000096d00000, 0x0000000096d00000, 0x0000000096e00000|  0%| F|  |TAMS 0x0000000096d00000, 0x0000000096d00000| Untracked 
|  94|0x0000000096e00000, 0x0000000096e00000, 0x0000000096f00000|  0%| F|  |TAMS 0x0000000096e00000, 0x0000000096e00000| Untracked 
|  95|0x0000000096f00000, 0x0000000096f00000, 0x0000000097000000|  0%| F|  |TAMS 0x0000000096f00000, 0x0000000096f00000| Untracked 
|  96|0x0000000097000000, 0x0000000097000000, 0x0000000097100000|  0%| F|  |TAMS 0x0000000097000000, 0x0000000097000000| Untracked 
|  97|0x0000000097100000, 0x0000000097100000, 0x0000000097200000|  0%| F|  |TAMS 0x0000000097100000, 0x0000000097100000| Untracked 
|  98|0x0000000097200000, 0x0000000097200000, 0x0000000097300000|  0%| F|  |TAMS 0x0000000097200000, 0x0000000097200000| Untracked 
|  99|0x0000000097300000, 0x0000000097300000, 0x0000000097400000|  0%| F|  |TAMS 0x0000000097300000, 0x0000000097300000| Untracked 
| 100|0x0000000097400000, 0x0000000097400000, 0x0000000097500000|  0%| F|  |TAMS 0x0000000097400000, 0x0000000097400000| Untracked 
| 101|0x0000000097500000, 0x0000000097500000, 0x0000000097600000|  0%| F|  |TAMS 0x0000000097500000, 0x0000000097500000| Untracked 
| 102|0x0000000097600000, 0x0000000097600000, 0x0000000097700000|  0%| F|  |TAMS 0x0000000097600000, 0x0000000097600000| Untracked 
| 103|0x0000000097700000, 0x0000000097700000, 0x0000000097800000|  0%| F|  |TAMS 0x0000000097700000, 0x0000000097700000| Untracked 
| 104|0x0000000097800000, 0x0000000097800000, 0x0000000097900000|  0%| F|  |TAMS 0x0000000097800000, 0x0000000097800000| Untracked 
| 105|0x0000000097900000, 0x0000000097900000, 0x0000000097a00000|  0%| F|  |TAMS 0x0000000097900000, 0x0000000097900000| Untracked 
| 106|0x0000000097a00000, 0x0000000097a00000, 0x0000000097b00000|  0%| F|  |TAMS 0x0000000097a00000, 0x0000000097a00000| Untracked 
| 107|0x0000000097b00000, 0x0000000097b00000, 0x0000000097c00000|  0%| F|  |TAMS 0x0000000097b00000, 0x0000000097b00000| Untracked 
| 108|0x0000000097c00000, 0x0000000097c00000, 0x0000000097d00000|  0%| F|  |TAMS 0x0000000097c00000, 0x0000000097c00000| Untracked 
| 109|0x0000000097d00000, 0x0000000097d00000, 0x0000000097e00000|  0%| F|  |TAMS 0x0000000097d00000, 0x0000000097d00000| Untracked 
| 110|0x0000000097e00000, 0x0000000097e00000, 0x0000000097f00000|  0%| F|  |TAMS 0x0000000097e00000, 0x0000000097e00000| Untracked 
| 111|0x0000000097f00000, 0x0000000097feb988, 0x0000000098000000| 92%| E|  |TAMS 0x0000000097f00000, 0x0000000097f00000| Complete 

Card table byte_map: [0x00000292e28e0000,0x00000292e2c60000] _byte_map_base: 0x00000292e2458000

Marking Bits (Prev, Next): (CMBitMap*) 0x00000292c9afdf80, (CMBitMap*) 0x00000292c9afdfc0
 Prev Bits: [0x00000292e2fe0000, 0x00000292e4ba0000)
 Next Bits: [0x00000292e4ba0000, 0x00000292e6760000)

Polling page: 0x00000292c9ba0000

Metaspace:

Usage:
  Non-class:      2.87 MB used.
      Class:    244.27 KB used.
       Both:      3.11 MB used.

Virtual space:
  Non-class space:        8.00 MB reserved,       2.88 MB ( 36%) committed,  1 nodes.
      Class space:        1.00 GB reserved,     256.00 KB ( <1%) committed,  1 nodes.
             Both:        1.01 GB reserved,       3.12 MB ( <1%) committed. 

Chunk freelists:
   Non-Class:  0 bytes
       Class:  3.75 MB
        Both:  3.75 MB

MaxMetaspaceSize: unlimited
CompressedClassSpaceSize: 1.00 GB
Initial GC threshold: 21.00 MB
Current GC threshold: 21.00 MB
CDS: off
MetaspaceReclaimPolicy: balanced
 - commit_granule_bytes: 65536.
 - commit_granule_words: 8192.
 - virtual_space_node_default_size: 1048576.
 - enlarge_chunks_in_place: 1.
 - new_chunks_are_fully_committed: 0.
 - uncommit_free_chunks: 1.
 - use_allocation_guard: 0.
 - handle_deallocations: 1.


Internal statistics:

num_allocs_failed_limit: 0.
num_arena_births: 2.
num_arena_deaths: 0.
num_vsnodes_births: 2.
num_vsnodes_deaths: 0.
num_space_committed: 50.
num_space_uncommitted: 0.
num_chunks_returned_to_freelist: 0.
num_chunks_taken_from_freelist: 3.
num_chunk_merges: 0.
num_chunk_splits: 1.
num_chunks_enlarged: 0.
num_purges: 0.
num_inconsistent_stats: 0.

CodeHeap 'non-profiled nmethods': size=120000Kb used=3Kb max_used=3Kb free=119996Kb
 bounds [0x00000292da5d0000, 0x00000292da840000, 0x00000292e1b00000]
CodeHeap 'profiled nmethods': size=120000Kb used=29Kb max_used=29Kb free=119970Kb
 bounds [0x00000292d30a0000, 0x00000292d3310000, 0x00000292da5d0000]
CodeHeap 'non-nmethods': size=5760Kb used=1024Kb max_used=1038Kb free=4735Kb
 bounds [0x00000292d2b00000, 0x00000292d2d70000, 0x00000292d30a0000]
 total_blobs=301 nmethods=25 adapters=189
 compilation: enabled
              stopped_count=0, restarted_count=0
 full_count=0

Compilation events (20 events):
Event: 0.106 Thread 0x00000292801f0e00 nmethod 16 0x00000292d30a4d90 code [0x00000292d30a4f20, 0x00000292d30a5078]
Event: 0.106 Thread 0x00000292801f0e00   17       3       java.util.ImmutableCollections$AbstractImmutableCollection::<init> (5 bytes)
Event: 0.106 Thread 0x00000292801f0e00 nmethod 17 0x00000292d30a5110 code [0x00000292d30a52c0, 0x00000292d30a5478]
Event: 0.107 Thread 0x00000292801f0e00   18       3       java.util.ImmutableCollections$AbstractImmutableSet::<init> (5 bytes)
Event: 0.107 Thread 0x00000292801f0e00 nmethod 18 0x00000292d30a5590 code [0x00000292d30a5740, 0x00000292d30a5978]
Event: 0.107 Thread 0x00000292801f0e00   19       3       java.util.Set::of (68 bytes)
Event: 0.108 Thread 0x00000292801f0e00 nmethod 19 0x00000292d30a5a90 code [0x00000292d30a5cc0, 0x00000292d30a64c8]
Event: 0.109 Thread 0x00000292801e84f0 nmethod 15 0x00000292da5d0010 code [0x00000292da5d0180, 0x00000292da5d02f8]
Event: 0.109 Thread 0x00000292801e84f0   20       4       java.lang.Object::<init> (1 bytes)
Event: 0.110 Thread 0x00000292801e84f0 nmethod 20 0x00000292da5d0410 code [0x00000292da5d0580, 0x00000292da5d05f8]
Event: 0.110 Thread 0x00000292801f0e00   21       3       java.lang.String::coder (15 bytes)
Event: 0.110 Thread 0x00000292801f0e00 nmethod 21 0x00000292d30a6790 code [0x00000292d30a6920, 0x00000292d30a6a58]
Event: 0.110 Thread 0x00000292801f0e00   22       3       java.lang.String::length (11 bytes)
Event: 0.110 Thread 0x00000292801f0e00 nmethod 22 0x00000292d30a6b10 code [0x00000292d30a6ca0, 0x00000292d30a6e38]
Event: 0.110 Thread 0x00000292801f0e00   23       1       java.lang.module.ModuleDescriptor::name (5 bytes)
Event: 0.110 Thread 0x00000292801f0e00 nmethod 23 0x00000292da5d0710 code [0x00000292da5d08a0, 0x00000292da5d0978]
Event: 0.111 Thread 0x00000292801f0e00   24       1       java.lang.module.ModuleReference::descriptor (5 bytes)
Event: 0.111 Thread 0x00000292801f0e00 nmethod 24 0x00000292da5d0a10 code [0x00000292da5d0ba0, 0x00000292da5d0c78]
Event: 0.111 Thread 0x00000292801f0e00   25       3       java.net.URI::hash (33 bytes)
Event: 0.111 Thread 0x00000292801f0e00 nmethod 25 0x00000292d30a6f10 code [0x00000292d30a7100, 0x00000292d30a7598]

GC Heap History (0 events):
No events

Deoptimization events (0 events):
No events

Classes unloaded (0 events):
No events

Classes redefined (0 events):
No events

Internal exceptions (0 events):
No events

VM Operations (0 events):
No events

Events (20 events):
Event: 0.111 loading class jdk/internal/loader/BootLoader done
Event: 0.112 loading class jdk/internal/loader/NativeLibraries
Event: 0.112 loading class jdk/internal/loader/NativeLibraries done
Event: 0.112 loading class jdk/internal/loader/ClassLoaderHelper
Event: 0.112 loading class jdk/internal/loader/ClassLoaderHelper done
Event: 0.112 loading class java/util/ArrayDeque
Event: 0.112 loading class java/util/Deque
Event: 0.112 loading class java/util/Queue
Event: 0.112 loading class java/util/Queue done
Event: 0.113 loading class java/util/Deque done
Event: 0.113 loading class java/util/ArrayDeque done
Event: 0.113 loading class jdk/internal/loader/ArchivedClassLoaders
Event: 0.113 loading class jdk/internal/loader/ArchivedClassLoaders done
Event: 0.113 loading class jdk/internal/loader/ClassLoaders$BootClassLoader
Event: 0.113 loading class jdk/internal/loader/ClassLoaders$BootClassLoader done
Event: 0.113 loading class java/security/cert/Certificate
Event: 0.114 loading class java/security/cert/Certificate done
Event: 0.114 loading class java/lang/ClassLoader$ParallelLoaders
Event: 0.114 loading class java/lang/ClassLoader$ParallelLoaders done
Event: 0.114 loading class java/util/WeakHashMap


Dynamic libraries:
0x00007ff7d19e0000 - 0x00007ff7d19f0000 	C:\Program Files\Java\jdk-17.0.2\bin\java.exe
0x00007ffa0bf20000 - 0x00007ffa0c129000 	C:\Windows\SYSTEM32\ntdll.dll
0x00007ffa0b330000 - 0x00007ffa0b3ed000 	C:\Windows\System32\KERNEL32.DLL
0x00007ffa09640000 - 0x00007ffa099c4000 	C:\Windows\System32\KERNELBASE.dll
0x00007ffa09c50000 - 0x00007ffa09d61000 	C:\Windows\System32\ucrtbase.dll
0x00007ff9f9a50000 - 0x00007ff9f9a68000 	C:\Program Files\Java\jdk-17.0.2\bin\jli.dll
0x00007ff9f9920000 - 0x00007ff9f993a000 	C:\Program Files\Java\jdk-17.0.2\bin\VCRUNTIME140.dll
0x00007ffa09f10000 - 0x00007ffa09fbe000 	C:\Windows\System32\ADVAPI32.dll
0x00007ffa0b070000 - 0x00007ffa0b113000 	C:\Windows\System32\msvcrt.dll
0x00007ffa0be40000 - 0x00007ffa0bede000 	C:\Windows\System32\sechost.dll
0x00007ffa0a580000 - 0x00007ffa0a6a1000 	C:\Windows\System32\RPCRT4.dll
0x00007ffa0b180000 - 0x00007ffa0b32d000 	C:\Windows\System32\USER32.dll
0x00007ffa09b10000 - 0x00007ffa09b36000 	C:\Windows\System32\win32u.dll
0x00007ff9f24e0000 - 0x00007ff9f2785000 	C:\Windows\WinSxS\amd64_microsoft.windows.common-controls_6595b64144ccf1df_6.0.22000.120_none_9d947278b86cc467\COMCTL32.dll
0x00007ffa0a340000 - 0x00007ffa0a36a000 	C:\Windows\System32\GDI32.dll
0x00007ffa09520000 - 0x00007ffa0963e000 	C:\Windows\System32\gdi32full.dll
0x00007ffa09bb0000 - 0x00007ffa09c4d000 	C:\Windows\System32\msvcp_win.dll
0x00007ffa005f0000 - 0x00007ffa005fa000 	C:\Windows\SYSTEM32\VERSION.dll
0x00007ffa0af90000 - 0x00007ffa0afc1000 	C:\Windows\System32\IMM32.DLL
0x00007ff9fb3e0000 - 0x00007ff9fb3ec000 	C:\Program Files\Java\jdk-17.0.2\bin\vcruntime140_1.dll
0x00007ff9e0020000 - 0x00007ff9e00ad000 	C:\Program Files\Java\jdk-17.0.2\bin\msvcp140.dll
0x00007ff9ad170000 - 0x00007ff9add31000 	C:\Program Files\Java\jdk-17.0.2\bin\server\jvm.dll
0x00007ffa0a6b0000 - 0x00007ffa0a6b8000 	C:\Windows\System32\PSAPI.DLL
0x00007ff9fcb90000 - 0x00007ff9fcb99000 	C:\Windows\SYSTEM32\WSOCK32.dll
0x00007ffa03770000 - 0x00007ffa037a3000 	C:\Windows\SYSTEM32\WINMM.dll
0x00007ffa0a510000 - 0x00007ffa0a57f000 	C:\Windows\System32\WS2_32.dll
0x00007ffa08420000 - 0x00007ffa08438000 	C:\Windows\SYSTEM32\kernel.appcore.dll
0x00007ff9f9a80000 - 0x00007ff9f9a8a000 	C:\Program Files\Java\jdk-17.0.2\bin\jimage.dll
0x00007ffa069d0000 - 0x00007ffa06bf1000 	C:\Windows\SYSTEM32\DBGHELP.DLL
0x00007ff9f88b0000 - 0x00007ff9f88e1000 	C:\Windows\SYSTEM32\dbgcore.DLL
0x00007ffa09a90000 - 0x00007ffa09b0f000 	C:\Windows\System32\bcryptPrimitives.dll
0x00007ffa052c0000 - 0x00007ffa052ce000 	C:\Program Files\Java\jdk-17.0.2\bin\instrument.dll
0x00007ff9f9870000 - 0x00007ff9f9895000 	C:\Program Files\Java\jdk-17.0.2\bin\java.dll
0x00007ff9dd000000 - 0x00007ff9dd0d6000 	C:\Program Files\Java\jdk-17.0.2\bin\jsvml.dll
0x00007ffa0b530000 - 0x00007ffa0bcf5000 	C:\Windows\System32\SHELL32.dll
0x00007ffa07480000 - 0x00007ffa07ce2000 	C:\Windows\SYSTEM32\windows.storage.dll
0x00007ffa09fc0000 - 0x00007ffa0a336000 	C:\Windows\System32\combase.dll
0x00007ffa07310000 - 0x00007ffa07477000 	C:\Windows\SYSTEM32\wintypes.dll
0x00007ffa0a370000 - 0x00007ffa0a45a000 	C:\Windows\System32\SHCORE.dll
0x00007ffa0b120000 - 0x00007ffa0b17d000 	C:\Windows\System32\shlwapi.dll
0x00007ffa092e0000 - 0x00007ffa09305000 	C:\Windows\SYSTEM32\profapi.dll

dbghelp: loaded successfully - version: 4.0.5 - missing functions: none
symbol engine: initialized successfully - sym options: 0x614 - pdb path: .;C:\Program Files\Java\jdk-17.0.2\bin;C:\Windows\SYSTEM32;C:\Windows\WinSxS\amd64_microsoft.windows.common-controls_6595b64144ccf1df_6.0.22000.120_none_9d947278b86cc467;C:\Program Files\Java\jdk-17.0.2\bin\server

VM Arguments:
jvm_args: -Dmaven.multiModuleProjectDirectory=D:\projects\Java\SpigotHardcorePlanting -Djansi.passthrough=true -Dmaven.home=C:\Program Files\JetBrains\IntelliJ IDEA Community Edition 2023.2.3\plugins\maven\lib\maven3 -Dclassworlds.conf=C:\Program Files\JetBrains\IntelliJ IDEA Community Edition 2023.2.3\plugins\maven\lib\maven3\bin\m2.conf -Dmaven.ext.class.path=C:\Program Files\JetBrains\IntelliJ IDEA Community Edition 2023.2.3\plugins\maven\lib\maven-event-listener.jar -javaagent:C:\Program Files\JetBrains\IntelliJ IDEA Community Edition 2023.2.3\lib\idea_rt.jar=24436:C:\Program Files\JetBrains\IntelliJ IDEA Community Edition 2023.2.3\bin -Dfile.encoding=UTF-8 
java_command: org.codehaus.classworlds.Launcher -Didea.version=2023.2.3 clean package
java_class_path (initial): C:\Program Files\JetBrains\IntelliJ IDEA Community Edition 2023.2.3\plugins\maven\lib\maven3\boot\plexus-classworlds-2.7.0.jar;C:\Program Files\JetBrains\IntelliJ IDEA Community Edition 2023.2.3\plugins\maven\lib\maven3\boot\plexus-classworlds.license
Launcher Type: SUN_STANDARD

[Global flags]
     intx CICompilerCount                          = 4                                         {product} {ergonomic}
     uint ConcGCThreads                            = 2                                         {product} {ergonomic}
     uint G1ConcRefinementThreads                  = 8                                         {product} {ergonomic}
   size_t G1HeapRegionSize                         = 1048576                                   {product} {ergonomic}
    uintx GCDrainStackTargetSize                   = 64                                        {product} {ergonomic}
   size_t InitialHeapSize                          = 117440512                                 {product} {ergonomic}
   size_t MarkStackSize                            = 4194304                                   {product} {ergonomic}
   size_t MaxHeapSize                              = 1862270976                                {product} {ergonomic}
   size_t MaxNewSize                               = 1116733440                                {product} {ergonomic}
   size_t MinHeapDeltaBytes                        = 1048576                                   {product} {ergonomic}
   size_t MinHeapSize                              = 8388608                                   {product} {ergonomic}
    uintx NonNMethodCodeHeapSize                   = 5839372                                {pd product} {ergonomic}
    uintx NonProfiledCodeHeapSize                  = 122909434                              {pd product} {ergonomic}
    uintx ProfiledCodeHeapSize                     = 122909434                              {pd product} {ergonomic}
    uintx ReservedCodeCacheSize                    = 251658240                              {pd product} {ergonomic}
     bool SegmentedCodeCache                       = true                                      {product} {ergonomic}
   size_t SoftMaxHeapSize                          = 1862270976                             {manageable} {ergonomic}
     bool UseCompressedClassPointers               = true                           {product lp64_product} {ergonomic}
     bool UseCompressedOops                        = true                           {product lp64_product} {ergonomic}
     bool UseG1GC                                  = true                                      {product} {ergonomic}
     bool UseLargePagesIndividualAllocation        = false                                  {pd product} {ergonomic}

Logging:
Log output configuration:
 #0: stdout all=warning uptime,level,tags
 #1: stderr all=off uptime,level,tags

Environment Variables:
JAVA_HOME=C:\Program Files\Java\jdk-17.0.2
PATH=C:\Program Files\Common Files\Oracle\Java\javapath;C:\Program Files (x86)\Common Files\Oracle\Java\javapath;C:\ProgramData\Oracle\Java\javapath;C:\Windows\system32;C:\Windows;C:\Windows\System32\Wbem;C:\Windows\System32\WindowsPowerShell\v1.0\;C:\Windows\System32\OpenSSH\;D:\Program Files\Git\cmd;D:\Program Files\Git\mingw64\bin;D:\Program Files\Git\usr\bin;C:\Program Files\MySQL\MySQL Server 8.0\bin;C:\ffmpeg\bin;C:\Program Files\WireGuard\;C:\Users\pazik98\AppData\Local\Programs\Python\Python310\Scripts\;C:\Users\pazik98\AppData\Local\Programs\Python\Python310\;C:\Users\pazik98\AppData\Local\Microsoft\WindowsApps;C:\Users\pazik98\AppData\Local\atom\bin;C:\Program Files\MySQL\MySQL Server 8.0\bin;;D:\Program Files\Microsoft VS Code\bin
USERNAME=pazik98
OS=Windows_NT
PROCESSOR_IDENTIFIER=AMD64 Family 23 Model 24 Stepping 1, AuthenticAMD



---------------  S Y S T E M  ---------------

OS:
 Windows 11 , 64 bit Build 22000 (10.0.22000.2538)
OS uptime: 0 days 23:52 hours

CPU: total 8 (initial active 8) (8 cores per cpu, 2 threads per core) family 23 model 24 stepping 1 microcode 0x0, cx8, cmov, fxsr, ht, mmx, 3dnowpref, sse, sse2, sse3, ssse3, sse4a, sse4.1, sse4.2, popcnt, lzcnt, tsc, tscinvbit, avx, avx2, aes, clmul, bmi1, bmi2, adx, sha, fma, vzeroupper, clflush, clflushopt

Memory: 4k page, system-wide physical 7103M (791M free)
TotalPageFile size 15295M (AvailPageFile size 1M)
current process WorkingSet (physical memory assigned to process): 24M, peak: 24M
current process commit charge ("private bytes"): 183M, peak: 184M

vm_info: Java HotSpot(TM) 64-Bit Server VM (17.0.2+8-LTS-86) for windows-amd64 JRE (17.0.2+8-LTS-86), built on Dec  7 2021 21:51:03 by "mach5one" with MS VC++ 16.8 / 16.9 (VS2019)

END.
