#
# There is insufficient memory for the Java Runtime Environment to continue.
# Native memory allocation (malloc) failed to allocate 525536 bytes for Chunk::new
# Possible reasons:
#   The system is out of physical RAM or swap space
#   The process is running with CompressedOops enabled, and the Java Heap may be blocking the growth of the native heap
# Possible solutions:
#   Reduce memory load on the system
#   Increase physical memory or swap space
#   Check if swap backing store is full
#   Decrease Java heap size (-Xmx/-Xms)
#   Decrease number of Java threads
#   Decrease Java thread stack sizes (-Xss)
#   Set larger code cache with -XX:ReservedCodeCacheSize=
#   JVM is running with Unscaled Compressed Oops mode in which the Java heap is
#     placed in the first 4GB address space. The Java Heap base address is the
#     maximum limit for the native heap growth. Please use -XX:HeapBaseMinAddress
#     to set the Java Heap base and to place the Java Heap above 4GB virtual address.
# This output file may be truncated or incomplete.
#
#  Out of Memory Error (arena.cpp:189), pid=2172, tid=13172
#
# JRE version: Java(TM) SE Runtime Environment (17.0.2+8) (build 17.0.2+8-LTS-86)
# Java VM: Java HotSpot(TM) 64-Bit Server VM (17.0.2+8-LTS-86, mixed mode, sharing, tiered, compressed oops, compressed class ptrs, g1 gc, windows-amd64)
# No core dump will be written. Minidumps are not enabled by default on client versions of Windows
#

---------------  S U M M A R Y ------------

Command Line: -Dmaven.multiModuleProjectDirectory=D:\projects\Java\SpigotHardcorePlanting -Djansi.passthrough=true -Dmaven.home=C:\Program Files\JetBrains\IntelliJ IDEA Community Edition 2023.2.3\plugins\maven\lib\maven3 -Dclassworlds.conf=C:\Program Files\JetBrains\IntelliJ IDEA Community Edition 2023.2.3\plugins\maven\lib\maven3\bin\m2.conf -Dmaven.ext.class.path=C:\Program Files\JetBrains\IntelliJ IDEA Community Edition 2023.2.3\plugins\maven\lib\maven-event-listener.jar -javaagent:C:\Program Files\JetBrains\IntelliJ IDEA Community Edition 2023.2.3\lib\idea_rt.jar=37693:C:\Program Files\JetBrains\IntelliJ IDEA Community Edition 2023.2.3\bin -Dfile.encoding=UTF-8 org.codehaus.classworlds.Launcher -Didea.version=2023.2.3 clean package

Host: AMD Ryzen 7 3700U with Radeon Vega Mobile Gfx  , 8 cores, 6G,  Windows 11 , 64 bit Build 22000 (10.0.22000.2538)
Time: Sun Oct  6 14:23:20 2024 RTZ 2 (s 11 , 64 bit Build 22000 (10.0.22000.2538) elapsed time: 3.457485 seconds (0d 0h 0m 3s)

---------------  T H R E A D  ---------------

Current thread (0x00000249a2680060):  JavaThread "C2 CompilerThread0" daemon [_thread_in_native, id=13172, stack(0x0000004dbff00000,0x0000004dc0000000)]


Current CompileTask:
C2:   3457 3251       4       org.codehaus.plexus.util.xml.Xpp3Dom::<init> (125 bytes)

Stack: [0x0000004dbff00000,0x0000004dc0000000]
Native frames: (J=compiled Java code, j=interpreted, Vv=VM code, C=native code)
V  [jvm.dll+0x670baa]
V  [jvm.dll+0x7cfcb4]
V  [jvm.dll+0x7d145e]
V  [jvm.dll+0x7d1ac3]
V  [jvm.dll+0x242bc5]
V  [jvm.dll+0xaa57b]
V  [jvm.dll+0xaab0c]
V  [jvm.dll+0x2a991f]
V  [jvm.dll+0x5792d9]
V  [jvm.dll+0x21de3d]
V  [jvm.dll+0x21e21f]
V  [jvm.dll+0x217ae5]
V  [jvm.dll+0x214fab]
V  [jvm.dll+0x1a1bbd]
V  [jvm.dll+0x224908]
V  [jvm.dll+0x222a6c]
V  [jvm.dll+0x7859bb]
V  [jvm.dll+0x77ff7a]
V  [jvm.dll+0x66fa35]
C  [ucrtbase.dll+0x26c0c]
C  [KERNEL32.DLL+0x153e0]
C  [ntdll.dll+0x485b]


---------------  P R O C E S S  ---------------

Threads class SMR info:
_java_thread_list=0x00000249a39667c0, length=15, elements={
0x0000024984f108f0, 0x00000249a2662370, 0x00000249a2662ef0, 0x00000249a2678910,
0x00000249a26791d0, 0x00000249a267aeb0, 0x00000249a267d780, 0x00000249a2680060,
0x00000249a268bf20, 0x00000249a268d020, 0x00000249a3168bb0, 0x00000249a3271730,
0x00000249a3228d90, 0x00000249a3a528b0, 0x00000249a3963c70
}

Java Threads: ( => current thread )
  0x0000024984f108f0 JavaThread "main" [_thread_in_Java, id=14472, stack(0x0000004dbf200000,0x0000004dbf300000)]
  0x00000249a2662370 JavaThread "Reference Handler" daemon [_thread_blocked, id=10220, stack(0x0000004dbf900000,0x0000004dbfa00000)]
  0x00000249a2662ef0 JavaThread "Finalizer" daemon [_thread_blocked, id=3828, stack(0x0000004dbfa00000,0x0000004dbfb00000)]
  0x00000249a2678910 JavaThread "Signal Dispatcher" daemon [_thread_blocked, id=9912, stack(0x0000004dbfb00000,0x0000004dbfc00000)]
  0x00000249a26791d0 JavaThread "Attach Listener" daemon [_thread_blocked, id=13196, stack(0x0000004dbfc00000,0x0000004dbfd00000)]
  0x00000249a267aeb0 JavaThread "Service Thread" daemon [_thread_blocked, id=15032, stack(0x0000004dbfd00000,0x0000004dbfe00000)]
  0x00000249a267d780 JavaThread "Monitor Deflation Thread" daemon [_thread_blocked, id=6340, stack(0x0000004dbfe00000,0x0000004dbff00000)]
=>0x00000249a2680060 JavaThread "C2 CompilerThread0" daemon [_thread_in_native, id=13172, stack(0x0000004dbff00000,0x0000004dc0000000)]
  0x00000249a268bf20 JavaThread "C1 CompilerThread0" daemon [_thread_in_native, id=12852, stack(0x0000004dc0000000,0x0000004dc0100000)]
  0x00000249a268d020 JavaThread "Sweeper thread" daemon [_thread_blocked, id=6628, stack(0x0000004dc0100000,0x0000004dc0200000)]
  0x00000249a3168bb0 JavaThread "Common-Cleaner" daemon [_thread_blocked, id=6164, stack(0x0000004dc0200000,0x0000004dc0300000)]
  0x00000249a3271730 JavaThread "Monitor Ctrl-Break" daemon [_thread_in_native, id=12532, stack(0x0000004dc0300000,0x0000004dc0400000)]
  0x00000249a3228d90 JavaThread "Notification Thread" daemon [_thread_blocked, id=9796, stack(0x0000004dc0400000,0x0000004dc0500000)]
  0x00000249a3a528b0 JavaThread "C2 CompilerThread1" daemon [_thread_in_native, id=14900, stack(0x0000004dc0600000,0x0000004dc0700000)]
  0x00000249a3963c70 JavaThread "C2 CompilerThread2" daemon [_thread_in_native, id=12132, stack(0x0000004dc0700000,0x0000004dc0800000)]

Other Threads:
  0x00000249a265a950 VMThread "VM Thread" [stack: 0x0000004dbf800000,0x0000004dbf900000] [id=8992]
  0x00000249a322b560 WatcherThread [stack: 0x0000004dc0500000,0x0000004dc0600000] [id=1336]
  0x0000024984f4b690 GCTaskThread "GC Thread#0" [stack: 0x0000004dbf300000,0x0000004dbf400000] [id=12560]
  0x00000249a3e570b0 GCTaskThread "GC Thread#1" [stack: 0x0000004dc0800000,0x0000004dc0900000] [id=11300]
  0x00000249a3e02d40 GCTaskThread "GC Thread#2" [stack: 0x0000004dc0900000,0x0000004dc0a00000] [id=6700]
  0x00000249a3d1fcc0 GCTaskThread "GC Thread#3" [stack: 0x0000004dc0a00000,0x0000004dc0b00000] [id=12736]
  0x00000249a3d04800 GCTaskThread "GC Thread#4" [stack: 0x0000004dc0b00000,0x0000004dc0c00000] [id=1164]
  0x00000249a3eaff90 GCTaskThread "GC Thread#5" [stack: 0x0000004dc0c00000,0x0000004dc0d00000] [id=12636]
  0x00000249a3eb0240 GCTaskThread "GC Thread#6" [stack: 0x0000004dc0d00000,0x0000004dc0e00000] [id=564]
  0x00000249a3eb0970 GCTaskThread "GC Thread#7" [stack: 0x0000004dc0e00000,0x0000004dc0f00000] [id=2872]
  0x0000024984f5a1e0 ConcurrentGCThread "G1 Main Marker" [stack: 0x0000004dbf400000,0x0000004dbf500000] [id=15280]
  0x0000024984f5c1b0 ConcurrentGCThread "G1 Conc#0" [stack: 0x0000004dbf500000,0x0000004dbf600000] [id=1748]
  0x0000024984fd3760 ConcurrentGCThread "G1 Refine#0" [stack: 0x0000004dbf600000,0x0000004dbf700000] [id=13492]
  0x0000024984fd3f90 ConcurrentGCThread "G1 Service" [stack: 0x0000004dbf700000,0x0000004dbf800000] [id=12336]

Threads with active compile tasks:
C2 CompilerThread0     3487 3251       4       org.codehaus.plexus.util.xml.Xpp3Dom::<init> (125 bytes)
C1 CompilerThread0     3488 3371       3       java.util.Collections$UnmodifiableMap::entrySet (32 bytes)
C2 CompilerThread1     3488 3355       4       java.lang.String::trim (35 bytes)
C2 CompilerThread2     3488 3346   !   4       java.util.concurrent.ConcurrentHashMap::putVal (432 bytes)

VM state: not at safepoint (normal execution)

VM Mutex/Monitor currently owned by a thread: None

Heap address: 0x0000000091000000, size: 1776 MB, Compressed Oops mode: 32-bit

CDS archive(s) mapped at: [0x0000000800000000-0x0000000800bc0000-0x0000000800bc0000), size 12320768, SharedBaseAddress: 0x0000000800000000, ArchiveRelocationMode: 0.
Compressed class space mapped at: 0x0000000800c00000-0x0000000840c00000, reserved size: 1073741824
Narrow klass base: 0x0000000800000000, Narrow klass shift: 0, Narrow klass range: 0x100000000

GC Precious Log:
 CPUs: 8 total, 8 available
 Memory: 7103M
 Large Page Support: Disabled
 NUMA Support: Disabled
 Compressed Oops: Enabled (32-bit)
 Heap Region Size: 1M
 Heap Min Capacity: 8M
 Heap Initial Capacity: 112M
 Heap Max Capacity: 1776M
 Pre-touch: Disabled
 Parallel Workers: 8
 Concurrent Workers: 2
 Concurrent Refinement Workers: 8
 Periodic GC: Disabled

Heap:
 garbage-first heap   total 114688K, used 54797K [0x0000000091000000, 0x0000000100000000)
  region size 1024K, 51 young (52224K), 2 survivors (2048K)
 Metaspace       used 15592K, committed 15808K, reserved 1064960K
  class space    used 1855K, committed 1984K, reserved 1048576K

Heap Regions: E=young(eden), S=young(survivor), O=old, HS=humongous(starts), HC=humongous(continues), CS=collection set, F=free, OA=open archive, CA=closed archive, TAMS=top-at-mark-start (previous, next)
|   0|0x0000000091000000, 0x0000000091100000, 0x0000000091100000|100%| O|  |TAMS 0x0000000091000000, 0x0000000091000000| Untracked 
|   1|0x0000000091100000, 0x0000000091200000, 0x0000000091200000|100%| O|  |TAMS 0x0000000091100000, 0x0000000091100000| Untracked 
|   2|0x0000000091200000, 0x0000000091300000, 0x0000000091300000|100%| O|  |TAMS 0x0000000091200000, 0x0000000091200000| Untracked 
|   3|0x0000000091300000, 0x0000000091400000, 0x0000000091400000|100%| O|  |TAMS 0x0000000091300000, 0x0000000091300000| Untracked 
|   4|0x0000000091400000, 0x0000000091400000, 0x0000000091500000|  0%| F|  |TAMS 0x0000000091400000, 0x0000000091400000| Untracked 
|   5|0x0000000091500000, 0x0000000091500000, 0x0000000091600000|  0%| F|  |TAMS 0x0000000091500000, 0x0000000091500000| Untracked 
|   6|0x0000000091600000, 0x0000000091600000, 0x0000000091700000|  0%| F|  |TAMS 0x0000000091600000, 0x0000000091600000| Untracked 
|   7|0x0000000091700000, 0x0000000091700000, 0x0000000091800000|  0%| F|  |TAMS 0x0000000091700000, 0x0000000091700000| Untracked 
|   8|0x0000000091800000, 0x0000000091800000, 0x0000000091900000|  0%| F|  |TAMS 0x0000000091800000, 0x0000000091800000| Untracked 
|   9|0x0000000091900000, 0x0000000091900000, 0x0000000091a00000|  0%| F|  |TAMS 0x0000000091900000, 0x0000000091900000| Untracked 
|  10|0x0000000091a00000, 0x0000000091a00000, 0x0000000091b00000|  0%| F|  |TAMS 0x0000000091a00000, 0x0000000091a00000| Untracked 
|  11|0x0000000091b00000, 0x0000000091b00000, 0x0000000091c00000|  0%| F|  |TAMS 0x0000000091b00000, 0x0000000091b00000| Untracked 
|  12|0x0000000091c00000, 0x0000000091c00000, 0x0000000091d00000|  0%| F|  |TAMS 0x0000000091c00000, 0x0000000091c00000| Untracked 
|  13|0x0000000091d00000, 0x0000000091d00000, 0x0000000091e00000|  0%| F|  |TAMS 0x0000000091d00000, 0x0000000091d00000| Untracked 
|  14|0x0000000091e00000, 0x0000000091e00000, 0x0000000091f00000|  0%| F|  |TAMS 0x0000000091e00000, 0x0000000091e00000| Untracked 
|  15|0x0000000091f00000, 0x0000000091f00000, 0x0000000092000000|  0%| F|  |TAMS 0x0000000091f00000, 0x0000000091f00000| Untracked 
|  16|0x0000000092000000, 0x0000000092000000, 0x0000000092100000|  0%| F|  |TAMS 0x0000000092000000, 0x0000000092000000| Untracked 
|  17|0x0000000092100000, 0x0000000092100000, 0x0000000092200000|  0%| F|  |TAMS 0x0000000092100000, 0x0000000092100000| Untracked 
|  18|0x0000000092200000, 0x0000000092200000, 0x0000000092300000|  0%| F|  |TAMS 0x0000000092200000, 0x0000000092200000| Untracked 
|  19|0x0000000092300000, 0x0000000092300000, 0x0000000092400000|  0%| F|  |TAMS 0x0000000092300000, 0x0000000092300000| Untracked 
|  20|0x0000000092400000, 0x0000000092400000, 0x0000000092500000|  0%| F|  |TAMS 0x0000000092400000, 0x0000000092400000| Untracked 
|  21|0x0000000092500000, 0x0000000092500000, 0x0000000092600000|  0%| F|  |TAMS 0x0000000092500000, 0x0000000092500000| Untracked 
|  22|0x0000000092600000, 0x0000000092600000, 0x0000000092700000|  0%| F|  |TAMS 0x0000000092600000, 0x0000000092600000| Untracked 
|  23|0x0000000092700000, 0x0000000092700000, 0x0000000092800000|  0%| F|  |TAMS 0x0000000092700000, 0x0000000092700000| Untracked 
|  24|0x0000000092800000, 0x0000000092800000, 0x0000000092900000|  0%| F|  |TAMS 0x0000000092800000, 0x0000000092800000| Untracked 
|  25|0x0000000092900000, 0x0000000092900000, 0x0000000092a00000|  0%| F|  |TAMS 0x0000000092900000, 0x0000000092900000| Untracked 
|  26|0x0000000092a00000, 0x0000000092a00000, 0x0000000092b00000|  0%| F|  |TAMS 0x0000000092a00000, 0x0000000092a00000| Untracked 
|  27|0x0000000092b00000, 0x0000000092b00000, 0x0000000092c00000|  0%| F|  |TAMS 0x0000000092b00000, 0x0000000092b00000| Untracked 
|  28|0x0000000092c00000, 0x0000000092c00000, 0x0000000092d00000|  0%| F|  |TAMS 0x0000000092c00000, 0x0000000092c00000| Untracked 
|  29|0x0000000092d00000, 0x0000000092d00000, 0x0000000092e00000|  0%| F|  |TAMS 0x0000000092d00000, 0x0000000092d00000| Untracked 
|  30|0x0000000092e00000, 0x0000000092e00000, 0x0000000092f00000|  0%| F|  |TAMS 0x0000000092e00000, 0x0000000092e00000| Untracked 
|  31|0x0000000092f00000, 0x0000000092f00000, 0x0000000093000000|  0%| F|  |TAMS 0x0000000092f00000, 0x0000000092f00000| Untracked 
|  32|0x0000000093000000, 0x0000000093000000, 0x0000000093100000|  0%| F|  |TAMS 0x0000000093000000, 0x0000000093000000| Untracked 
|  33|0x0000000093100000, 0x0000000093100000, 0x0000000093200000|  0%| F|  |TAMS 0x0000000093100000, 0x0000000093100000| Untracked 
|  34|0x0000000093200000, 0x0000000093200000, 0x0000000093300000|  0%| F|  |TAMS 0x0000000093200000, 0x0000000093200000| Untracked 
|  35|0x0000000093300000, 0x0000000093300000, 0x0000000093400000|  0%| F|  |TAMS 0x0000000093300000, 0x0000000093300000| Untracked 
|  36|0x0000000093400000, 0x0000000093400000, 0x0000000093500000|  0%| F|  |TAMS 0x0000000093400000, 0x0000000093400000| Untracked 
|  37|0x0000000093500000, 0x0000000093500000, 0x0000000093600000|  0%| F|  |TAMS 0x0000000093500000, 0x0000000093500000| Untracked 
|  38|0x0000000093600000, 0x0000000093600000, 0x0000000093700000|  0%| F|  |TAMS 0x0000000093600000, 0x0000000093600000| Untracked 
|  39|0x0000000093700000, 0x0000000093700000, 0x0000000093800000|  0%| F|  |TAMS 0x0000000093700000, 0x0000000093700000| Untracked 
|  40|0x0000000093800000, 0x0000000093800000, 0x0000000093900000|  0%| F|  |TAMS 0x0000000093800000, 0x0000000093800000| Untracked 
|  41|0x0000000093900000, 0x0000000093900000, 0x0000000093a00000|  0%| F|  |TAMS 0x0000000093900000, 0x0000000093900000| Untracked 
|  42|0x0000000093a00000, 0x0000000093a00000, 0x0000000093b00000|  0%| F|  |TAMS 0x0000000093a00000, 0x0000000093a00000| Untracked 
|  43|0x0000000093b00000, 0x0000000093b00000, 0x0000000093c00000|  0%| F|  |TAMS 0x0000000093b00000, 0x0000000093b00000| Untracked 
|  44|0x0000000093c00000, 0x0000000093c00000, 0x0000000093d00000|  0%| F|  |TAMS 0x0000000093c00000, 0x0000000093c00000| Untracked 
|  45|0x0000000093d00000, 0x0000000093d00000, 0x0000000093e00000|  0%| F|  |TAMS 0x0000000093d00000, 0x0000000093d00000| Untracked 
|  46|0x0000000093e00000, 0x0000000093e00000, 0x0000000093f00000|  0%| F|  |TAMS 0x0000000093e00000, 0x0000000093e00000| Untracked 
|  47|0x0000000093f00000, 0x0000000093f00000, 0x0000000094000000|  0%| F|  |TAMS 0x0000000093f00000, 0x0000000093f00000| Untracked 
|  48|0x0000000094000000, 0x0000000094000000, 0x0000000094100000|  0%| F|  |TAMS 0x0000000094000000, 0x0000000094000000| Untracked 
|  49|0x0000000094100000, 0x0000000094100000, 0x0000000094200000|  0%| F|  |TAMS 0x0000000094100000, 0x0000000094100000| Untracked 
|  50|0x0000000094200000, 0x0000000094200000, 0x0000000094300000|  0%| F|  |TAMS 0x0000000094200000, 0x0000000094200000| Untracked 
|  51|0x0000000094300000, 0x0000000094300000, 0x0000000094400000|  0%| F|  |TAMS 0x0000000094300000, 0x0000000094300000| Untracked 
|  52|0x0000000094400000, 0x0000000094400000, 0x0000000094500000|  0%| F|  |TAMS 0x0000000094400000, 0x0000000094400000| Untracked 
|  53|0x0000000094500000, 0x0000000094500000, 0x0000000094600000|  0%| F|  |TAMS 0x0000000094500000, 0x0000000094500000| Untracked 
|  54|0x0000000094600000, 0x0000000094600000, 0x0000000094700000|  0%| F|  |TAMS 0x0000000094600000, 0x0000000094600000| Untracked 
|  55|0x0000000094700000, 0x0000000094700000, 0x0000000094800000|  0%| F|  |TAMS 0x0000000094700000, 0x0000000094700000| Untracked 
|  56|0x0000000094800000, 0x0000000094800000, 0x0000000094900000|  0%| F|  |TAMS 0x0000000094800000, 0x0000000094800000| Untracked 
|  57|0x0000000094900000, 0x0000000094900000, 0x0000000094a00000|  0%| F|  |TAMS 0x0000000094900000, 0x0000000094900000| Untracked 
|  58|0x0000000094a00000, 0x0000000094a00000, 0x0000000094b00000|  0%| F|  |TAMS 0x0000000094a00000, 0x0000000094a00000| Untracked 
|  59|0x0000000094b00000, 0x0000000094b00000, 0x0000000094c00000|  0%| F|  |TAMS 0x0000000094b00000, 0x0000000094b00000| Untracked 
|  60|0x0000000094c00000, 0x0000000094c00000, 0x0000000094d00000|  0%| F|  |TAMS 0x0000000094c00000, 0x0000000094c00000| Untracked 
|  61|0x0000000094d00000, 0x0000000094d80800, 0x0000000094e00000| 50%| E|  |TAMS 0x0000000094d00000, 0x0000000094d00000| Complete 
|  62|0x0000000094e00000, 0x0000000094f00000, 0x0000000094f00000|100%| E|CS|TAMS 0x0000000094e00000, 0x0000000094e00000| Complete 
|  63|0x0000000094f00000, 0x0000000095000000, 0x0000000095000000|100%| E|CS|TAMS 0x0000000094f00000, 0x0000000094f00000| Complete 
|  64|0x0000000095000000, 0x0000000095100000, 0x0000000095100000|100%| E|CS|TAMS 0x0000000095000000, 0x0000000095000000| Complete 
|  65|0x0000000095100000, 0x0000000095200000, 0x0000000095200000|100%| E|CS|TAMS 0x0000000095100000, 0x0000000095100000| Complete 
|  66|0x0000000095200000, 0x0000000095300000, 0x0000000095300000|100%| E|CS|TAMS 0x0000000095200000, 0x0000000095200000| Complete 
|  67|0x0000000095300000, 0x0000000095400000, 0x0000000095400000|100%| E|CS|TAMS 0x0000000095300000, 0x0000000095300000| Complete 
|  68|0x0000000095400000, 0x0000000095500000, 0x0000000095500000|100%| E|CS|TAMS 0x0000000095400000, 0x0000000095400000| Complete 
|  69|0x0000000095500000, 0x0000000095600000, 0x0000000095600000|100%| E|CS|TAMS 0x0000000095500000, 0x0000000095500000| Complete 
|  70|0x0000000095600000, 0x0000000095700000, 0x0000000095700000|100%| E|CS|TAMS 0x0000000095600000, 0x0000000095600000| Complete 
|  71|0x0000000095700000, 0x0000000095800000, 0x0000000095800000|100%| E|CS|TAMS 0x0000000095700000, 0x0000000095700000| Complete 
|  72|0x0000000095800000, 0x0000000095900000, 0x0000000095900000|100%| E|CS|TAMS 0x0000000095800000, 0x0000000095800000| Complete 
|  73|0x0000000095900000, 0x0000000095a00000, 0x0000000095a00000|100%| E|CS|TAMS 0x0000000095900000, 0x0000000095900000| Complete 
|  74|0x0000000095a00000, 0x0000000095b00000, 0x0000000095b00000|100%| E|CS|TAMS 0x0000000095a00000, 0x0000000095a00000| Complete 
|  75|0x0000000095b00000, 0x0000000095c00000, 0x0000000095c00000|100%| E|CS|TAMS 0x0000000095b00000, 0x0000000095b00000| Complete 
|  76|0x0000000095c00000, 0x0000000095d00000, 0x0000000095d00000|100%| E|CS|TAMS 0x0000000095c00000, 0x0000000095c00000| Complete 
|  77|0x0000000095d00000, 0x0000000095e00000, 0x0000000095e00000|100%| E|CS|TAMS 0x0000000095d00000, 0x0000000095d00000| Complete 
|  78|0x0000000095e00000, 0x0000000095f00000, 0x0000000095f00000|100%| E|CS|TAMS 0x0000000095e00000, 0x0000000095e00000| Complete 
|  79|0x0000000095f00000, 0x0000000095f837a0, 0x0000000096000000| 51%| S|CS|TAMS 0x0000000095f00000, 0x0000000095f00000| Complete 
|  80|0x0000000096000000, 0x0000000096100000, 0x0000000096100000|100%| S|CS|TAMS 0x0000000096000000, 0x0000000096000000| Complete 
|  81|0x0000000096100000, 0x0000000096200000, 0x0000000096200000|100%| E|CS|TAMS 0x0000000096100000, 0x0000000096100000| Complete 
|  82|0x0000000096200000, 0x0000000096300000, 0x0000000096300000|100%| E|CS|TAMS 0x0000000096200000, 0x0000000096200000| Complete 
|  83|0x0000000096300000, 0x0000000096400000, 0x0000000096400000|100%| E|CS|TAMS 0x0000000096300000, 0x0000000096300000| Complete 
|  84|0x0000000096400000, 0x0000000096500000, 0x0000000096500000|100%| E|CS|TAMS 0x0000000096400000, 0x0000000096400000| Complete 
|  85|0x0000000096500000, 0x0000000096600000, 0x0000000096600000|100%| E|CS|TAMS 0x0000000096500000, 0x0000000096500000| Complete 
|  86|0x0000000096600000, 0x0000000096700000, 0x0000000096700000|100%| E|CS|TAMS 0x0000000096600000, 0x0000000096600000| Complete 
|  87|0x0000000096700000, 0x0000000096800000, 0x0000000096800000|100%| E|CS|TAMS 0x0000000096700000, 0x0000000096700000| Complete 
|  88|0x0000000096800000, 0x0000000096900000, 0x0000000096900000|100%| E|CS|TAMS 0x0000000096800000, 0x0000000096800000| Complete 
|  89|0x0000000096900000, 0x0000000096a00000, 0x0000000096a00000|100%| E|CS|TAMS 0x0000000096900000, 0x0000000096900000| Complete 
|  90|0x0000000096a00000, 0x0000000096b00000, 0x0000000096b00000|100%| E|CS|TAMS 0x0000000096a00000, 0x0000000096a00000| Complete 
|  91|0x0000000096b00000, 0x0000000096c00000, 0x0000000096c00000|100%| E|CS|TAMS 0x0000000096b00000, 0x0000000096b00000| Complete 
|  92|0x0000000096c00000, 0x0000000096d00000, 0x0000000096d00000|100%| E|CS|TAMS 0x0000000096c00000, 0x0000000096c00000| Complete 
|  93|0x0000000096d00000, 0x0000000096e00000, 0x0000000096e00000|100%| E|CS|TAMS 0x0000000096d00000, 0x0000000096d00000| Complete 
|  94|0x0000000096e00000, 0x0000000096f00000, 0x0000000096f00000|100%| E|CS|TAMS 0x0000000096e00000, 0x0000000096e00000| Complete 
|  95|0x0000000096f00000, 0x0000000097000000, 0x0000000097000000|100%| E|CS|TAMS 0x0000000096f00000, 0x0000000096f00000| Complete 
|  96|0x0000000097000000, 0x0000000097100000, 0x0000000097100000|100%| E|CS|TAMS 0x0000000097000000, 0x0000000097000000| Complete 
|  97|0x0000000097100000, 0x0000000097200000, 0x0000000097200000|100%| E|CS|TAMS 0x0000000097100000, 0x0000000097100000| Complete 
|  98|0x0000000097200000, 0x0000000097300000, 0x0000000097300000|100%| E|CS|TAMS 0x0000000097200000, 0x0000000097200000| Complete 
|  99|0x0000000097300000, 0x0000000097400000, 0x0000000097400000|100%| E|CS|TAMS 0x0000000097300000, 0x0000000097300000| Complete 
| 100|0x0000000097400000, 0x0000000097500000, 0x0000000097500000|100%| E|CS|TAMS 0x0000000097400000, 0x0000000097400000| Complete 
| 101|0x0000000097500000, 0x0000000097600000, 0x0000000097600000|100%| E|CS|TAMS 0x0000000097500000, 0x0000000097500000| Complete 
| 102|0x0000000097600000, 0x0000000097700000, 0x0000000097700000|100%| E|CS|TAMS 0x0000000097600000, 0x0000000097600000| Complete 
| 103|0x0000000097700000, 0x0000000097800000, 0x0000000097800000|100%| E|CS|TAMS 0x0000000097700000, 0x0000000097700000| Complete 
| 104|0x0000000097800000, 0x0000000097900000, 0x0000000097900000|100%| E|CS|TAMS 0x0000000097800000, 0x0000000097800000| Complete 
| 105|0x0000000097900000, 0x0000000097a00000, 0x0000000097a00000|100%| E|CS|TAMS 0x0000000097900000, 0x0000000097900000| Complete 
| 106|0x0000000097a00000, 0x0000000097b00000, 0x0000000097b00000|100%| E|CS|TAMS 0x0000000097a00000, 0x0000000097a00000| Complete 
| 107|0x0000000097b00000, 0x0000000097c00000, 0x0000000097c00000|100%| E|CS|TAMS 0x0000000097b00000, 0x0000000097b00000| Complete 
| 108|0x0000000097c00000, 0x0000000097d00000, 0x0000000097d00000|100%| E|CS|TAMS 0x0000000097c00000, 0x0000000097c00000| Complete 
| 109|0x0000000097d00000, 0x0000000097e00000, 0x0000000097e00000|100%| E|CS|TAMS 0x0000000097d00000, 0x0000000097d00000| Complete 
| 110|0x0000000097e00000, 0x0000000097f00000, 0x0000000097f00000|100%| E|CS|TAMS 0x0000000097e00000, 0x0000000097e00000| Complete 
| 111|0x0000000097f00000, 0x0000000098000000, 0x0000000098000000|100%| E|CS|TAMS 0x0000000097f00000, 0x0000000097f00000| Complete 

Card table byte_map: [0x000002499be30000,0x000002499c1b0000] _byte_map_base: 0x000002499b9a8000

Marking Bits (Prev, Next): (CMBitMap*) 0x0000024984f4bab0, (CMBitMap*) 0x0000024984f4baf0
 Prev Bits: [0x000002499c530000, 0x000002499e0f0000)
 Next Bits: [0x000002499e0f0000, 0x000002499fcb0000)

Polling page: 0x00000249846f0000

Metaspace:

Usage:
  Non-class:     13.42 MB used.
      Class:      1.81 MB used.
       Both:     15.23 MB used.

Virtual space:
  Non-class space:       16.00 MB reserved,      13.50 MB ( 84%) committed,  2 nodes.
      Class space:        1.00 GB reserved,       1.94 MB ( <1%) committed,  1 nodes.
             Both:        1.02 GB reserved,      15.44 MB (  1%) committed. 

Chunk freelists:
   Non-Class:  2.12 MB
       Class:  2.10 MB
        Both:  4.22 MB

MaxMetaspaceSize: unlimited
CompressedClassSpaceSize: 1.00 GB
Initial GC threshold: 21.00 MB
Current GC threshold: 21.00 MB
CDS: on
MetaspaceReclaimPolicy: balanced
 - commit_granule_bytes: 65536.
 - commit_granule_words: 8192.
 - virtual_space_node_default_size: 1048576.
 - enlarge_chunks_in_place: 1.
 - new_chunks_are_fully_committed: 0.
 - uncommit_free_chunks: 1.
 - use_allocation_guard: 0.
 - handle_deallocations: 1.


Internal statistics:

num_allocs_failed_limit: 0.
num_arena_births: 82.
num_arena_deaths: 0.
num_vsnodes_births: 3.
num_vsnodes_deaths: 0.
num_space_committed: 247.
num_space_uncommitted: 0.
num_chunks_returned_to_freelist: 0.
num_chunks_taken_from_freelist: 625.
num_chunk_merges: 0.
num_chunk_splits: 423.
num_chunks_enlarged: 337.
num_purges: 0.
num_inconsistent_stats: 0.

CodeHeap 'non-profiled nmethods': size=120000Kb used=1518Kb max_used=1518Kb free=118482Kb
 bounds [0x0000024994240000, 0x00000249944b0000, 0x000002499b770000]
CodeHeap 'profiled nmethods': size=120000Kb used=6681Kb max_used=6681Kb free=113318Kb
 bounds [0x000002498cd10000, 0x000002498d3a0000, 0x0000024994240000]
CodeHeap 'non-nmethods': size=5760Kb used=1198Kb max_used=1212Kb free=4561Kb
 bounds [0x000002498c770000, 0x000002498c9e0000, 0x000002498cd10000]
 total_blobs=3845 nmethods=3371 adapters=384
 compilation: enabled
              stopped_count=0, restarted_count=0
 full_count=0

Compilation events (20 events):
Event: 3.443 Thread 0x00000249a268bf20 3322       1       org.eclipse.aether.DefaultRepositorySystemSession::getAuthenticationSelector (5 bytes)
Event: 3.443 Thread 0x00000249a268bf20 nmethod 3322 0x00000249943b3d10 code [0x00000249943b3ea0, 0x00000249943b3f78]
Event: 3.443 Thread 0x00000249a268bf20 3323       1       org.eclipse.aether.DefaultRepositorySystemSession::getProxySelector (5 bytes)
Event: 3.443 Thread 0x00000249a268bf20 nmethod 3323 0x00000249943b4010 code [0x00000249943b41a0, 0x00000249943b4278]
Event: 3.444 Thread 0x00000249a268bf20 3324       3       org.apache.maven.model.validation.DefaultModelValidator::validateEffectiveDependency (631 bytes)
Event: 3.444 Thread 0x00000249a3a528b0 3325       4       java.util.LinkedHashMap$LinkedHashIterator::nextNode (54 bytes)
Event: 3.447 Thread 0x00000249a3a528b0 nmethod 3325 0x00000249943b4310 code [0x00000249943b4480, 0x00000249943b46f8]
Event: 3.447 Thread 0x00000249a3a528b0 3328       4       java.util.Collections$UnmodifiableMap$UnmodifiableEntrySet$1::next (5 bytes)
Event: 3.451 Thread 0x00000249a268bf20 nmethod 3324 0x000002498d37f710 code [0x000002498d3800a0, 0x000002498d384b88]
Event: 3.451 Thread 0x00000249a268bf20 3326       3       org.eclipse.aether.graph.Dependency::<init> (13 bytes)
Event: 3.452 Thread 0x00000249a268bf20 nmethod 3326 0x000002498d386490 code [0x000002498d386660, 0x000002498d386a88]
Event: 3.452 Thread 0x00000249a268bf20 3327       3       org.eclipse.aether.graph.Dependency$Exclusions::copy (26 bytes)
Event: 3.452 Thread 0x00000249a268bf20 nmethod 3327 0x000002498d386c10 code [0x000002498d386de0, 0x000002498d387138]
Event: 3.452 Thread 0x00000249a268bf20 3329       3       java.util.Collections$UnmodifiableMap::size (10 bytes)
Event: 3.452 Thread 0x00000249a268bf20 nmethod 3329 0x000002498d387290 code [0x000002498d387440, 0x000002498d387608]
Event: 3.452 Thread 0x00000249a268bf20 3330       1       org.apache.maven.ReactorReader::getRepository (5 bytes)
Event: 3.452 Thread 0x00000249a268bf20 nmethod 3330 0x00000249943b4810 code [0x00000249943b49a0, 0x00000249943b4a78]
Event: 3.454 Thread 0x00000249a268bf20 3332       3       java.util.regex.Pattern$BmpCharPropertyGreedy::match (89 bytes)
Event: 3.455 Thread 0x00000249a268bf20 nmethod 3332 0x000002498d387710 code [0x000002498d387900, 0x000002498d387f68]
Event: 3.455 Thread 0x00000249a268bf20 3333   !   3       sun.nio.cs.StreamDecoder::readBytes (271 bytes)

GC Heap History (4 events):
Event: 1.118 GC heap before
{Heap before GC invocations=0 (full 0):
 garbage-first heap   total 114688K, used 22528K [0x0000000091000000, 0x0000000100000000)
  region size 1024K, 23 young (23552K), 0 survivors (0K)
 Metaspace       used 5895K, committed 6080K, reserved 1056768K
  class space    used 694K, committed 768K, reserved 1048576K
}
Event: 1.129 GC heap after
{Heap after GC invocations=1 (full 0):
 garbage-first heap   total 114688K, used 4076K [0x0000000091000000, 0x0000000100000000)
  region size 1024K, 3 young (3072K), 3 survivors (3072K)
 Metaspace       used 5895K, committed 6080K, reserved 1056768K
  class space    used 694K, committed 768K, reserved 1048576K
}
Event: 1.888 GC heap before
{Heap before GC invocations=1 (full 0):
 garbage-first heap   total 114688K, used 32748K [0x0000000091000000, 0x0000000100000000)
  region size 1024K, 31 young (31744K), 3 survivors (3072K)
 Metaspace       used 9454K, committed 9728K, reserved 1064960K
  class space    used 1142K, committed 1280K, reserved 1048576K
}
Event: 1.895 GC heap after
{Heap after GC invocations=2 (full 0):
 garbage-first heap   total 114688K, used 5645K [0x0000000091000000, 0x0000000100000000)
  region size 1024K, 2 young (2048K), 2 survivors (2048K)
 Metaspace       used 9454K, committed 9728K, reserved 1064960K
  class space    used 1142K, committed 1280K, reserved 1048576K
}

Deoptimization events (20 events):
Event: 3.325 Thread 0x0000024984f108f0 DEOPT PACKING pc=0x000002499439cd4c sp=0x0000004dbf2fcc60
Event: 3.325 Thread 0x0000024984f108f0 DEOPT UNPACKING pc=0x000002498c7c23a3 sp=0x0000004dbf2fcb20 mode 2
Event: 3.335 Thread 0x0000024984f108f0 DEOPT PACKING pc=0x000002498d26bdad sp=0x0000004dbf2fc8e0
Event: 3.335 Thread 0x0000024984f108f0 DEOPT UNPACKING pc=0x000002498c7c2b43 sp=0x0000004dbf2fbde8 mode 0
Event: 3.346 Thread 0x0000024984f108f0 Uncommon trap: trap_request=0xffffffde fr.pc=0x0000024994280c44 relative=0x0000000000000ea4
Event: 3.346 Thread 0x0000024984f108f0 Uncommon trap: reason=class_check action=maybe_recompile pc=0x0000024994280c44 method=java.util.concurrent.ConcurrentHashMap.putVal(Ljava/lang/Object;Ljava/lang/Object;Z)Ljava/lang/Object; @ 242 c2
Event: 3.346 Thread 0x0000024984f108f0 DEOPT PACKING pc=0x0000024994280c44 sp=0x0000004dbf2fcf50
Event: 3.346 Thread 0x0000024984f108f0 DEOPT UNPACKING pc=0x000002498c7c23a3 sp=0x0000004dbf2fcec0 mode 2
Event: 3.347 Thread 0x0000024984f108f0 Uncommon trap: trap_request=0xffffffde fr.pc=0x0000024994280c44 relative=0x0000000000000ea4
Event: 3.347 Thread 0x0000024984f108f0 Uncommon trap: reason=class_check action=maybe_recompile pc=0x0000024994280c44 method=java.util.concurrent.ConcurrentHashMap.putVal(Ljava/lang/Object;Ljava/lang/Object;Z)Ljava/lang/Object; @ 242 c2
Event: 3.347 Thread 0x0000024984f108f0 DEOPT PACKING pc=0x0000024994280c44 sp=0x0000004dbf2fcf50
Event: 3.347 Thread 0x0000024984f108f0 DEOPT UNPACKING pc=0x000002498c7c23a3 sp=0x0000004dbf2fcec0 mode 2
Event: 3.347 Thread 0x0000024984f108f0 Uncommon trap: trap_request=0xffffffde fr.pc=0x0000024994280c44 relative=0x0000000000000ea4
Event: 3.347 Thread 0x0000024984f108f0 Uncommon trap: reason=class_check action=maybe_recompile pc=0x0000024994280c44 method=java.util.concurrent.ConcurrentHashMap.putVal(Ljava/lang/Object;Ljava/lang/Object;Z)Ljava/lang/Object; @ 242 c2
Event: 3.347 Thread 0x0000024984f108f0 DEOPT PACKING pc=0x0000024994280c44 sp=0x0000004dbf2fcf50
Event: 3.347 Thread 0x0000024984f108f0 DEOPT UNPACKING pc=0x000002498c7c23a3 sp=0x0000004dbf2fcec0 mode 2
Event: 3.364 Thread 0x0000024984f108f0 Uncommon trap: trap_request=0xffffffde fr.pc=0x0000024994280c44 relative=0x0000000000000ea4
Event: 3.364 Thread 0x0000024984f108f0 Uncommon trap: reason=class_check action=maybe_recompile pc=0x0000024994280c44 method=java.util.concurrent.ConcurrentHashMap.putVal(Ljava/lang/Object;Ljava/lang/Object;Z)Ljava/lang/Object; @ 242 c2
Event: 3.364 Thread 0x0000024984f108f0 DEOPT PACKING pc=0x0000024994280c44 sp=0x0000004dbf2fcf50
Event: 3.364 Thread 0x0000024984f108f0 DEOPT UNPACKING pc=0x000002498c7c23a3 sp=0x0000004dbf2fcec0 mode 2

Classes unloaded (0 events):
No events

Classes redefined (0 events):
No events

Internal exceptions (20 events):
Event: 0.588 Thread 0x0000024984f108f0 Exception <a 'java/lang/NoSuchMethodError'{0x000000009770f220}: 'java.lang.Object java.lang.invoke.DirectMethodHandle$Holder.invokeSpecialIFC(java.lang.Object, java.lang.Object, java.lang.Object, java.lang.Object)'> (0x000000009770f220) 
thrown [t:\workspace\open\src\hotspot\share\interpreter\linkResolver.cpp, line 766]
Event: 0.846 Thread 0x0000024984f108f0 Exception <a 'java/lang/NoSuchMethodError'{0x00000000972ee6c8}: 'void java.lang.invoke.DirectMethodHandle$Holder.invokeSpecial(java.lang.Object, java.lang.Object, java.lang.Object)'> (0x00000000972ee6c8) 
thrown [t:\workspace\open\src\hotspot\share\interpreter\linkResolver.cpp, line 766]
Event: 0.894 Thread 0x0000024984f108f0 Exception <a 'java/lang/NoSuchMethodError'{0x0000000097055350}: 'java.lang.Object java.lang.invoke.DirectMethodHandle$Holder.invokeInterface(java.lang.Object, java.lang.Object)'> (0x0000000097055350) 
thrown [t:\workspace\open\src\hotspot\share\interpreter\linkResolver.cpp, line 766]
Event: 0.917 Thread 0x0000024984f108f0 Exception <a 'java/lang/NoSuchMethodError'{0x0000000096f03980}: 'java.lang.Object java.lang.invoke.Invokers$Holder.invokeExact_MT(java.lang.Object, java.lang.Object, java.lang.Object, java.lang.Object, java.lang.Object, java.lang.Object)'> (0x0000000096f03980) 
thrown [t:\workspace\open\src\hotspot\share\interpreter\linkResolver.cpp, line 766]
Event: 0.920 Thread 0x0000024984f108f0 Exception <a 'java/lang/NoSuchMethodError'{0x0000000096f14de0}: 'int java.lang.invoke.DirectMethodHandle$Holder.invokeSpecialIFC(java.lang.Object, java.lang.Object, java.lang.Object, java.lang.Object, java.lang.Object)'> (0x0000000096f14de0) 
thrown [t:\workspace\open\src\hotspot\share\interpreter\linkResolver.cpp, line 766]
Event: 0.992 Thread 0x0000024984f108f0 Exception <a 'java/lang/NoSuchMethodError'{0x0000000096ecc248}: 'java.lang.Object java.lang.invoke.DirectMethodHandle$Holder.newInvokeSpecial(java.lang.Object, java.lang.Object, java.lang.Object, java.lang.Object, java.lang.Object)'> (0x0000000096ecc248) 
thrown [t:\workspace\open\src\hotspot\share\interpreter\linkResolver.cpp, line 766]
Event: 1.034 Thread 0x0000024984f108f0 Exception <a 'java/lang/NoSuchMethodError'{0x0000000096dd7f00}: 'int java.lang.invoke.DirectMethodHandle$Holder.invokeStaticInit(java.lang.Object, java.lang.Object)'> (0x0000000096dd7f00) 
thrown [t:\workspace\open\src\hotspot\share\interpreter\linkResolver.cpp, line 766]
Event: 1.046 Thread 0x0000024984f108f0 Exception <a 'java/lang/NoClassDefFoundError'{0x0000000096c12ed0}: javax/enterprise/inject/Typed> (0x0000000096c12ed0) 
thrown [t:\workspace\open\src\hotspot\share\classfile\systemDictionary.cpp, line 245]
Event: 2.106 Thread 0x0000024984f108f0 Exception <a 'java/lang/NoSuchMethodError'{0x00000000979f1768}: 'void java.lang.invoke.DirectMethodHandle$Holder.invokeStaticInit(java.lang.Object, java.lang.Object, java.lang.Object)'> (0x00000000979f1768) 
thrown [t:\workspace\open\src\hotspot\share\interpreter\linkResolver.cpp, line 766]
Event: 2.113 Thread 0x0000024984f108f0 Exception <a 'java/lang/ExceptionInInitializerError'{0x000000009781e198}> (0x000000009781e198) 
thrown [t:\workspace\open\src\hotspot\share\oops\instanceKlass.cpp, line 1163]
Event: 2.154 Thread 0x0000024984f108f0 Implicit null exception at 0x00000249942b08af to 0x00000249942b0a0c
Event: 2.156 Thread 0x0000024984f108f0 Exception <a 'java/lang/NoSuchMethodError'{0x0000000097734a38}: 'java.lang.Object java.lang.invoke.Invokers$Holder.invokeExact_MT(java.lang.Object, int, java.lang.Object)'> (0x0000000097734a38) 
thrown [t:\workspace\open\src\hotspot\share\interpreter\linkResolver.cpp, line 766]
Event: 2.174 Thread 0x0000024984f108f0 Exception <a 'java/lang/NoSuchMethodError'{0x00000000977b8478}: 'int java.lang.invoke.DirectMethodHandle$Holder.invokeSpecial(java.lang.Object, java.lang.Object, java.lang.Object, java.lang.Object)'> (0x00000000977b8478) 
thrown [t:\workspace\open\src\hotspot\share\interpreter\linkResolver.cpp, line 766]
Event: 2.503 Thread 0x0000024984f108f0 Exception <a 'java/lang/NoClassDefFoundError'{0x0000000096ff8648}: com/google/inject/servlet/ServletModuleTargetVisitor> (0x0000000096ff8648) 
thrown [t:\workspace\open\src\hotspot\share\classfile\systemDictionary.cpp, line 245]
Event: 2.586 Thread 0x0000024984f108f0 Exception <a 'java/lang/NoSuchMethodError'{0x0000000096c7bb20}: 'void java.lang.invoke.DirectMethodHandle$Holder.invokeVirtual(java.lang.Object, java.lang.Object)'> (0x0000000096c7bb20) 
thrown [t:\workspace\open\src\hotspot\share\interpreter\linkResolver.cpp, line 766]
Event: 2.614 Thread 0x0000024984f108f0 Exception <a 'java/lang/NoSuchMethodError'{0x0000000096b044c0}: 'java.lang.Object java.lang.invoke.DirectMethodHandle$Holder.invokeStaticInit(java.lang.Object, int, int, int, int)'> (0x0000000096b044c0) 
thrown [t:\workspace\open\src\hotspot\share\interpreter\linkResolver.cpp, line 766]
Event: 3.151 Thread 0x0000024984f108f0 Implicit null exception at 0x0000024994275458 to 0x00000249942754ee
Event: 3.154 Thread 0x0000024984f108f0 Implicit null exception at 0x00000249942f8d0e to 0x00000249942f9148
Event: 3.162 Thread 0x0000024984f108f0 Implicit null exception at 0x00000249942c6e8f to 0x00000249942c6f09
Event: 3.164 Thread 0x0000024984f108f0 Implicit null exception at 0x0000024994290693 to 0x0000024994290ac0

VM Operations (20 events):
Event: 2.476 Executing VM operation: HandshakeAllThreads
Event: 2.476 Executing VM operation: HandshakeAllThreads done
Event: 2.597 Executing VM operation: HandshakeAllThreads
Event: 2.597 Executing VM operation: HandshakeAllThreads done
Event: 2.636 Executing VM operation: HandshakeAllThreads
Event: 2.636 Executing VM operation: HandshakeAllThreads done
Event: 2.727 Executing VM operation: HandshakeAllThreads
Event: 2.727 Executing VM operation: HandshakeAllThreads done
Event: 2.728 Executing VM operation: HandshakeAllThreads
Event: 2.728 Executing VM operation: HandshakeAllThreads done
Event: 2.837 Executing VM operation: ICBufferFull
Event: 2.837 Executing VM operation: ICBufferFull done
Event: 2.860 Executing VM operation: HandshakeAllThreads
Event: 2.860 Executing VM operation: HandshakeAllThreads done
Event: 2.861 Executing VM operation: HandshakeAllThreads
Event: 2.861 Executing VM operation: HandshakeAllThreads done
Event: 3.365 Executing VM operation: HandshakeAllThreads
Event: 3.365 Executing VM operation: HandshakeAllThreads done
Event: 3.367 Executing VM operation: ICBufferFull
Event: 3.368 Executing VM operation: ICBufferFull done

Events (20 events):
Event: 2.859 loading class java/util/concurrent/locks/ReentrantReadWriteLock$NonfairSync
Event: 2.859 loading class java/util/concurrent/locks/ReentrantReadWriteLock$Sync
Event: 2.860 loading class java/util/concurrent/locks/ReentrantReadWriteLock$Sync done
Event: 2.860 loading class java/util/concurrent/locks/ReentrantReadWriteLock$NonfairSync done
Event: 2.861 loading class java/util/concurrent/locks/ReentrantReadWriteLock$Sync$ThreadLocalHoldCounter
Event: 2.861 loading class java/util/concurrent/locks/ReentrantReadWriteLock$Sync$ThreadLocalHoldCounter done
Event: 2.861 loading class java/util/concurrent/locks/ReentrantReadWriteLock$ReadLock
Event: 2.861 loading class java/util/concurrent/locks/ReentrantReadWriteLock$ReadLock done
Event: 2.861 loading class java/util/concurrent/locks/ReentrantReadWriteLock$WriteLock
Event: 2.861 loading class java/util/concurrent/locks/ReentrantReadWriteLock$WriteLock done
Event: 2.894 loading class java/nio/file/AccessMode
Event: 2.894 loading class java/nio/file/AccessMode done
Event: 2.894 loading class sun/nio/fs/WindowsFileSystemProvider$1
Event: 2.894 loading class sun/nio/fs/WindowsFileSystemProvider$1 done
Event: 2.896 loading class java/util/AbstractMap$2
Event: 2.896 loading class java/util/AbstractMap$2 done
Event: 2.896 loading class java/util/AbstractMap$2$1
Event: 2.897 loading class java/util/AbstractMap$2$1 done
Event: 3.063 loading class java/util/LinkedList$LLSpliterator
Event: 3.063 loading class java/util/LinkedList$LLSpliterator done


Dynamic libraries:
0x00007ff7d19e0000 - 0x00007ff7d19f0000 	C:\Program Files\Java\jdk-17.0.2\bin\java.exe
0x00007ffa0bf20000 - 0x00007ffa0c129000 	C:\Windows\SYSTEM32\ntdll.dll
0x00007ffa0b330000 - 0x00007ffa0b3ed000 	C:\Windows\System32\KERNEL32.DLL
0x00007ffa09640000 - 0x00007ffa099c4000 	C:\Windows\System32\KERNELBASE.dll
0x00007ffa09c50000 - 0x00007ffa09d61000 	C:\Windows\System32\ucrtbase.dll
0x00007ffa042a0000 - 0x00007ffa042ba000 	C:\Program Files\Java\jdk-17.0.2\bin\VCRUNTIME140.dll
0x00007ff9f99a0000 - 0x00007ff9f99b8000 	C:\Program Files\Java\jdk-17.0.2\bin\jli.dll
0x00007ffa09f10000 - 0x00007ffa09fbe000 	C:\Windows\System32\ADVAPI32.dll
0x00007ffa0b070000 - 0x00007ffa0b113000 	C:\Windows\System32\msvcrt.dll
0x00007ffa0be40000 - 0x00007ffa0bede000 	C:\Windows\System32\sechost.dll
0x00007ffa0a580000 - 0x00007ffa0a6a1000 	C:\Windows\System32\RPCRT4.dll
0x00007ffa0b180000 - 0x00007ffa0b32d000 	C:\Windows\System32\USER32.dll
0x00007ffa09b10000 - 0x00007ffa09b36000 	C:\Windows\System32\win32u.dll
0x00007ff9f24e0000 - 0x00007ff9f2785000 	C:\Windows\WinSxS\amd64_microsoft.windows.common-controls_6595b64144ccf1df_6.0.22000.120_none_9d947278b86cc467\COMCTL32.dll
0x00007ffa0a340000 - 0x00007ffa0a36a000 	C:\Windows\System32\GDI32.dll
0x00007ffa09520000 - 0x00007ffa0963e000 	C:\Windows\System32\gdi32full.dll
0x00007ffa09bb0000 - 0x00007ffa09c4d000 	C:\Windows\System32\msvcp_win.dll
0x00007ffa005f0000 - 0x00007ffa005fa000 	C:\Windows\SYSTEM32\VERSION.dll
0x00007ffa0af90000 - 0x00007ffa0afc1000 	C:\Windows\System32\IMM32.DLL
0x00007ff9f9990000 - 0x00007ff9f999c000 	C:\Program Files\Java\jdk-17.0.2\bin\vcruntime140_1.dll
0x00007ff9e1e80000 - 0x00007ff9e1f0d000 	C:\Program Files\Java\jdk-17.0.2\bin\msvcp140.dll
0x00007ff9ac4b0000 - 0x00007ff9ad071000 	C:\Program Files\Java\jdk-17.0.2\bin\server\jvm.dll
0x00007ffa0a6b0000 - 0x00007ffa0a6b8000 	C:\Windows\System32\PSAPI.DLL
0x00007ffa03770000 - 0x00007ffa037a3000 	C:\Windows\SYSTEM32\WINMM.dll
0x00007ff9fcb90000 - 0x00007ff9fcb99000 	C:\Windows\SYSTEM32\WSOCK32.dll
0x00007ffa0a510000 - 0x00007ffa0a57f000 	C:\Windows\System32\WS2_32.dll
0x00007ffa08420000 - 0x00007ffa08438000 	C:\Windows\SYSTEM32\kernel.appcore.dll
0x00007ff9f9930000 - 0x00007ff9f993a000 	C:\Program Files\Java\jdk-17.0.2\bin\jimage.dll
0x00007ffa069d0000 - 0x00007ffa06bf1000 	C:\Windows\SYSTEM32\DBGHELP.DLL
0x00007ff9f88b0000 - 0x00007ff9f88e1000 	C:\Windows\SYSTEM32\dbgcore.DLL
0x00007ffa09a90000 - 0x00007ffa09b0f000 	C:\Windows\System32\bcryptPrimitives.dll
0x00007ff9f9920000 - 0x00007ff9f992e000 	C:\Program Files\Java\jdk-17.0.2\bin\instrument.dll
0x00007ff9f98b0000 - 0x00007ff9f98d5000 	C:\Program Files\Java\jdk-17.0.2\bin\java.dll
0x00007ff9d4530000 - 0x00007ff9d4606000 	C:\Program Files\Java\jdk-17.0.2\bin\jsvml.dll
0x00007ffa0b530000 - 0x00007ffa0bcf5000 	C:\Windows\System32\SHELL32.dll
0x00007ffa07480000 - 0x00007ffa07ce2000 	C:\Windows\SYSTEM32\windows.storage.dll
0x00007ffa09fc0000 - 0x00007ffa0a336000 	C:\Windows\System32\combase.dll
0x00007ffa07310000 - 0x00007ffa07477000 	C:\Windows\SYSTEM32\wintypes.dll
0x00007ffa0a370000 - 0x00007ffa0a45a000 	C:\Windows\System32\SHCORE.dll
0x00007ffa0b120000 - 0x00007ffa0b17d000 	C:\Windows\System32\shlwapi.dll
0x00007ffa092e0000 - 0x00007ffa09305000 	C:\Windows\SYSTEM32\profapi.dll
0x00007ff9f9540000 - 0x00007ff9f9558000 	C:\Program Files\Java\jdk-17.0.2\bin\zip.dll
0x00007ff9f7060000 - 0x00007ff9f7079000 	C:\Program Files\Java\jdk-17.0.2\bin\net.dll
0x00007ffa03a10000 - 0x00007ffa03b24000 	C:\Windows\SYSTEM32\WINHTTP.dll
0x00007ffa088d0000 - 0x00007ffa08937000 	C:\Windows\system32\mswsock.dll
0x00007ff9f7040000 - 0x00007ff9f7056000 	C:\Program Files\Java\jdk-17.0.2\bin\nio.dll
0x00007ff9f6270000 - 0x00007ff9f628a000 	C:\Program Files\JetBrains\IntelliJ IDEA Community Edition 2023.2.3\bin\breakgen64.dll
0x0000000069ac0000 - 0x0000000069ae4000 	C:\Users\pazik98\AppData\Local\Temp\jansi-2.4.0-986e8295a0a01ca1-jansi.dll
0x00007ff9f98a0000 - 0x00007ff9f98b0000 	C:\Program Files\Java\jdk-17.0.2\bin\verify.dll

dbghelp: loaded successfully - version: 4.0.5 - missing functions: none
symbol engine: initialized successfully - sym options: 0x614 - pdb path: .;C:\Program Files\Java\jdk-17.0.2\bin;C:\Windows\SYSTEM32;C:\Windows\WinSxS\amd64_microsoft.windows.common-controls_6595b64144ccf1df_6.0.22000.120_none_9d947278b86cc467;C:\Program Files\Java\jdk-17.0.2\bin\server;C:\Program Files\JetBrains\IntelliJ IDEA Community Edition 2023.2.3\bin;C:\Users\pazik98\AppData\Local\Temp

VM Arguments:
jvm_args: -Dmaven.multiModuleProjectDirectory=D:\projects\Java\SpigotHardcorePlanting -Djansi.passthrough=true -Dmaven.home=C:\Program Files\JetBrains\IntelliJ IDEA Community Edition 2023.2.3\plugins\maven\lib\maven3 -Dclassworlds.conf=C:\Program Files\JetBrains\IntelliJ IDEA Community Edition 2023.2.3\plugins\maven\lib\maven3\bin\m2.conf -Dmaven.ext.class.path=C:\Program Files\JetBrains\IntelliJ IDEA Community Edition 2023.2.3\plugins\maven\lib\maven-event-listener.jar -javaagent:C:\Program Files\JetBrains\IntelliJ IDEA Community Edition 2023.2.3\lib\idea_rt.jar=37693:C:\Program Files\JetBrains\IntelliJ IDEA Community Edition 2023.2.3\bin -Dfile.encoding=UTF-8 
java_command: org.codehaus.classworlds.Launcher -Didea.version=2023.2.3 clean package
java_class_path (initial): C:\Program Files\JetBrains\IntelliJ IDEA Community Edition 2023.2.3\plugins\maven\lib\maven3\boot\plexus-classworlds-2.7.0.jar;C:\Program Files\JetBrains\IntelliJ IDEA Community Edition 2023.2.3\plugins\maven\lib\maven3\boot\plexus-classworlds.license
Launcher Type: SUN_STANDARD

[Global flags]
     intx CICompilerCount                          = 4                                         {product} {ergonomic}
     uint ConcGCThreads                            = 2                                         {product} {ergonomic}
     uint G1ConcRefinementThreads                  = 8                                         {product} {ergonomic}
   size_t G1HeapRegionSize                         = 1048576                                   {product} {ergonomic}
    uintx GCDrainStackTargetSize                   = 64                                        {product} {ergonomic}
   size_t InitialHeapSize                          = 117440512                                 {product} {ergonomic}
   size_t MarkStackSize                            = 4194304                                   {product} {ergonomic}
   size_t MaxHeapSize                              = 1862270976                                {product} {ergonomic}
   size_t MaxNewSize                               = 1116733440                                {product} {ergonomic}
   size_t MinHeapDeltaBytes                        = 1048576                                   {product} {ergonomic}
   size_t MinHeapSize                              = 8388608                                   {product} {ergonomic}
    uintx NonNMethodCodeHeapSize                   = 5839372                                {pd product} {ergonomic}
    uintx NonProfiledCodeHeapSize                  = 122909434                              {pd product} {ergonomic}
    uintx ProfiledCodeHeapSize                     = 122909434                              {pd product} {ergonomic}
    uintx ReservedCodeCacheSize                    = 251658240                              {pd product} {ergonomic}
     bool SegmentedCodeCache                       = true                                      {product} {ergonomic}
   size_t SoftMaxHeapSize                          = 1862270976                             {manageable} {ergonomic}
     bool UseCompressedClassPointers               = true                           {product lp64_product} {ergonomic}
     bool UseCompressedOops                        = true                           {product lp64_product} {ergonomic}
     bool UseG1GC                                  = true                                      {product} {ergonomic}
     bool UseLargePagesIndividualAllocation        = false                                  {pd product} {ergonomic}

Logging:
Log output configuration:
 #0: stdout all=warning uptime,level,tags
 #1: stderr all=off uptime,level,tags

Environment Variables:
JAVA_HOME=C:\Program Files\Java\jdk-17.0.2
PATH=C:\Program Files\Common Files\Oracle\Java\javapath;C:\Program Files (x86)\Common Files\Oracle\Java\javapath;C:\ProgramData\Oracle\Java\javapath;C:\Windows\system32;C:\Windows;C:\Windows\System32\Wbem;C:\Windows\System32\WindowsPowerShell\v1.0\;C:\Windows\System32\OpenSSH\;D:\Program Files\Git\cmd;D:\Program Files\Git\mingw64\bin;D:\Program Files\Git\usr\bin;C:\Program Files\MySQL\MySQL Server 8.0\bin;C:\ffmpeg\bin;C:\Program Files\WireGuard\;C:\Users\pazik98\AppData\Local\Programs\Python\Python310\Scripts\;C:\Users\pazik98\AppData\Local\Programs\Python\Python310\;C:\Users\pazik98\AppData\Local\Microsoft\WindowsApps;C:\Users\pazik98\AppData\Local\atom\bin;C:\Program Files\MySQL\MySQL Server 8.0\bin;;D:\Program Files\Microsoft VS Code\bin
USERNAME=pazik98
OS=Windows_NT
PROCESSOR_IDENTIFIER=AMD64 Family 23 Model 24 Stepping 1, AuthenticAMD



---------------  S Y S T E M  ---------------

OS:
 Windows 11 , 64 bit Build 22000 (10.0.22000.2538)
OS uptime: 0 days 22:27 hours

CPU: total 8 (initial active 8) (8 cores per cpu, 2 threads per core) family 23 model 24 stepping 1 microcode 0x0, cx8, cmov, fxsr, ht, mmx, 3dnowpref, sse, sse2, sse3, ssse3, sse4a, sse4.1, sse4.2, popcnt, lzcnt, tsc, tscinvbit, avx, avx2, aes, clmul, bmi1, bmi2, adx, sha, fma, vzeroupper, clflush, clflushopt

Memory: 4k page, system-wide physical 7103M (840M free)
TotalPageFile size 15295M (AvailPageFile size 4M)
current process WorkingSet (physical memory assigned to process): 134M, peak: 134M
current process commit charge ("private bytes"): 235M, peak: 235M

vm_info: Java HotSpot(TM) 64-Bit Server VM (17.0.2+8-LTS-86) for windows-amd64 JRE (17.0.2+8-LTS-86), built on Dec  7 2021 21:51:03 by "mach5one" with MS VC++ 16.8 / 16.9 (VS2019)

END.
